Archive member included because of file (symbol)

/home/burin/SimplicityStudio_v4/developer/toolchains/gnu_arm/4.9_2015q3/bin/../lib/gcc/arm-none-eabi/4.9.3/armv7-m/libgcc.a(_aeabi_uldivmod.o)
                              ./emlib/em_usart.o (__aeabi_uldivmod)
/home/burin/SimplicityStudio_v4/developer/toolchains/gnu_arm/4.9_2015q3/bin/../lib/gcc/arm-none-eabi/4.9.3/armv7-m/libgcc.a(bpabi.o)
                              /home/burin/SimplicityStudio_v4/developer/toolchains/gnu_arm/4.9_2015q3/bin/../lib/gcc/arm-none-eabi/4.9.3/armv7-m/libgcc.a(_aeabi_uldivmod.o) (__gnu_uldivmod_helper)
/home/burin/SimplicityStudio_v4/developer/toolchains/gnu_arm/4.9_2015q3/bin/../lib/gcc/arm-none-eabi/4.9.3/armv7-m/libgcc.a(_dvmd_tls.o)
                              /home/burin/SimplicityStudio_v4/developer/toolchains/gnu_arm/4.9_2015q3/bin/../lib/gcc/arm-none-eabi/4.9.3/armv7-m/libgcc.a(_aeabi_uldivmod.o) (__aeabi_ldiv0)
/home/burin/SimplicityStudio_v4/developer/toolchains/gnu_arm/4.9_2015q3/bin/../lib/gcc/arm-none-eabi/4.9.3/armv7-m/libgcc.a(_divdi3.o)
                              /home/burin/SimplicityStudio_v4/developer/toolchains/gnu_arm/4.9_2015q3/bin/../lib/gcc/arm-none-eabi/4.9.3/armv7-m/libgcc.a(bpabi.o) (__divdi3)
/home/burin/SimplicityStudio_v4/developer/toolchains/gnu_arm/4.9_2015q3/bin/../lib/gcc/arm-none-eabi/4.9.3/armv7-m/libgcc.a(_udivdi3.o)
                              /home/burin/SimplicityStudio_v4/developer/toolchains/gnu_arm/4.9_2015q3/bin/../lib/gcc/arm-none-eabi/4.9.3/armv7-m/libgcc.a(bpabi.o) (__udivdi3)
/home/burin/SimplicityStudio_v4/developer/toolchains/gnu_arm/4.9_2015q3/bin/../lib/gcc/arm-none-eabi/4.9.3/../../../../arm-none-eabi/lib/armv7-m/libc_nano.a(lib_a-exit.o)
                              /home/burin/SimplicityStudio_v4/developer/toolchains/gnu_arm/4.9_2015q3/bin/../lib/gcc/arm-none-eabi/4.9.3/../../../../arm-none-eabi/lib/armv7-m/crt0.o (exit)
/home/burin/SimplicityStudio_v4/developer/toolchains/gnu_arm/4.9_2015q3/bin/../lib/gcc/arm-none-eabi/4.9.3/../../../../arm-none-eabi/lib/armv7-m/libc_nano.a(lib_a-impure.o)
                              /home/burin/SimplicityStudio_v4/developer/toolchains/gnu_arm/4.9_2015q3/bin/../lib/gcc/arm-none-eabi/4.9.3/../../../../arm-none-eabi/lib/armv7-m/libc_nano.a(lib_a-exit.o) (_global_impure_ptr)
/home/burin/SimplicityStudio_v4/developer/toolchains/gnu_arm/4.9_2015q3/bin/../lib/gcc/arm-none-eabi/4.9.3/../../../../arm-none-eabi/lib/armv7-m/libc_nano.a(lib_a-init.o)
                              /home/burin/SimplicityStudio_v4/developer/toolchains/gnu_arm/4.9_2015q3/bin/../lib/gcc/arm-none-eabi/4.9.3/../../../../arm-none-eabi/lib/armv7-m/crt0.o (__libc_init_array)
/home/burin/SimplicityStudio_v4/developer/toolchains/gnu_arm/4.9_2015q3/bin/../lib/gcc/arm-none-eabi/4.9.3/../../../../arm-none-eabi/lib/armv7-m/libc_nano.a(lib_a-memset.o)
                              /home/burin/SimplicityStudio_v4/developer/toolchains/gnu_arm/4.9_2015q3/bin/../lib/gcc/arm-none-eabi/4.9.3/../../../../arm-none-eabi/lib/armv7-m/crt0.o (memset)
/home/burin/SimplicityStudio_v4/developer/toolchains/gnu_arm/4.9_2015q3/bin/../lib/gcc/arm-none-eabi/4.9.3/../../../../arm-none-eabi/lib/armv7-m/libnosys.a(_exit.o)
                              /home/burin/SimplicityStudio_v4/developer/toolchains/gnu_arm/4.9_2015q3/bin/../lib/gcc/arm-none-eabi/4.9.3/../../../../arm-none-eabi/lib/armv7-m/libc_nano.a(lib_a-exit.o) (_exit)

Allocating common symbols
Common symbol       size              file

SystemCoreClock     0x4               ./CMSIS/EFM32LG/system_efm32lg.o
sleep_block_counter
                    0x5               ./src/sleep.o

Discarded input sections

 .text          0x00000000        0x0 /home/burin/SimplicityStudio_v4/developer/toolchains/gnu_arm/4.9_2015q3/bin/../lib/gcc/arm-none-eabi/4.9.3/armv7-m/crti.o
 .data          0x00000000        0x0 /home/burin/SimplicityStudio_v4/developer/toolchains/gnu_arm/4.9_2015q3/bin/../lib/gcc/arm-none-eabi/4.9.3/armv7-m/crti.o
 .bss           0x00000000        0x0 /home/burin/SimplicityStudio_v4/developer/toolchains/gnu_arm/4.9_2015q3/bin/../lib/gcc/arm-none-eabi/4.9.3/armv7-m/crti.o
 .data          0x00000000        0x4 /home/burin/SimplicityStudio_v4/developer/toolchains/gnu_arm/4.9_2015q3/bin/../lib/gcc/arm-none-eabi/4.9.3/armv7-m/crtbegin.o
 .data          0x00000000        0x0 /home/burin/SimplicityStudio_v4/developer/toolchains/gnu_arm/4.9_2015q3/bin/../lib/gcc/arm-none-eabi/4.9.3/../../../../arm-none-eabi/lib/armv7-m/crt0.o
 .bss           0x00000000        0x0 /home/burin/SimplicityStudio_v4/developer/toolchains/gnu_arm/4.9_2015q3/bin/../lib/gcc/arm-none-eabi/4.9.3/../../../../arm-none-eabi/lib/armv7-m/crt0.o
 .ARM.extab     0x00000000        0x0 /home/burin/SimplicityStudio_v4/developer/toolchains/gnu_arm/4.9_2015q3/bin/../lib/gcc/arm-none-eabi/4.9.3/../../../../arm-none-eabi/lib/armv7-m/crt0.o
 .text          0x00000000        0x0 ./BSP/bsp_trace.o
 .data          0x00000000        0x0 ./BSP/bsp_trace.o
 .bss           0x00000000        0x0 ./BSP/bsp_trace.o
 .data          0x00000000        0x0 ./CMSIS/EFM32LG/startup_efm32lg.o
 .bss           0x00000000        0x0 ./CMSIS/EFM32LG/startup_efm32lg.o
 .text          0x00000000        0x0 ./CMSIS/EFM32LG/system_efm32lg.o
 .data          0x00000000        0x0 ./CMSIS/EFM32LG/system_efm32lg.o
 .bss           0x00000000        0x0 ./CMSIS/EFM32LG/system_efm32lg.o
 .text.SystemHFXOClockSet
                0x00000000       0x2c ./CMSIS/EFM32LG/system_efm32lg.o
 .text.SystemLFXOClockSet
                0x00000000       0x2c ./CMSIS/EFM32LG/system_efm32lg.o
 .text          0x00000000        0x0 ./emlib/em_acmp.o
 .data          0x00000000        0x0 ./emlib/em_acmp.o
 .bss           0x00000000        0x0 ./emlib/em_acmp.o
 .text.BUS_RegBitWrite
                0x00000000       0x2c ./emlib/em_acmp.o
 .text.BUS_RegMaskedWrite
                0x00000000       0x28 ./emlib/em_acmp.o
 .text.ACMP_CapsenseInit
                0x00000000       0x8c ./emlib/em_acmp.o
 .text.ACMP_CapsenseChannelSet
                0x00000000       0x3c ./emlib/em_acmp.o
 .text.ACMP_Disable
                0x00000000       0x38 ./emlib/em_acmp.o
 .text.ACMP_Enable
                0x00000000       0x38 ./emlib/em_acmp.o
 .text.ACMP_Reset
                0x00000000       0x4c ./emlib/em_acmp.o
 .text.ACMP_GPIOSetup
                0x00000000       0x54 ./emlib/em_acmp.o
 .text.ACMP_ChannelSet
                0x00000000       0x4c ./emlib/em_acmp.o
 .text.ACMP_Init
                0x00000000       0xa0 ./emlib/em_acmp.o
 .debug_info    0x00000000      0x63c ./emlib/em_acmp.o
 .debug_abbrev  0x00000000      0x1b9 ./emlib/em_acmp.o
 .debug_loc     0x00000000      0x368 ./emlib/em_acmp.o
 .debug_aranges
                0x00000000       0x68 ./emlib/em_acmp.o
 .debug_ranges  0x00000000       0x58 ./emlib/em_acmp.o
 .debug_line    0x00000000      0x375 ./emlib/em_acmp.o
 .debug_str     0x00000000      0x62b ./emlib/em_acmp.o
 .comment       0x00000000       0x71 ./emlib/em_acmp.o
 .debug_frame   0x00000000      0x190 ./emlib/em_acmp.o
 .ARM.attributes
                0x00000000       0x33 ./emlib/em_acmp.o
 .text          0x00000000        0x0 ./emlib/em_adc.o
 .data          0x00000000        0x0 ./emlib/em_adc.o
 .bss           0x00000000        0x0 ./emlib/em_adc.o
 .text.ADC_LoadDevinfoCal
                0x00000000      0x120 ./emlib/em_adc.o
 .text.ADC_Init
                0x00000000       0x88 ./emlib/em_adc.o
 .text.ADC_InitScan
                0x00000000       0xa4 ./emlib/em_adc.o
 .text.ADC_InitSingle
                0x00000000       0x9c ./emlib/em_adc.o
 .text.ADC_PrescaleCalc
                0x00000000       0x64 ./emlib/em_adc.o
 .text.ADC_Reset
                0x00000000       0x54 ./emlib/em_adc.o
 .text.ADC_TimebaseCalc
                0x00000000       0x60 ./emlib/em_adc.o
 .debug_info    0x00000000      0xa8d ./emlib/em_adc.o
 .debug_abbrev  0x00000000      0x1ae ./emlib/em_adc.o
 .debug_loc     0x00000000      0x23c ./emlib/em_adc.o
 .debug_aranges
                0x00000000       0x50 ./emlib/em_adc.o
 .debug_ranges  0x00000000       0x40 ./emlib/em_adc.o
 .debug_line    0x00000000      0x333 ./emlib/em_adc.o
 .debug_str     0x00000000      0xbad ./emlib/em_adc.o
 .comment       0x00000000       0x71 ./emlib/em_adc.o
 .debug_frame   0x00000000      0x110 ./emlib/em_adc.o
 .ARM.attributes
                0x00000000       0x33 ./emlib/em_adc.o
 .text          0x00000000        0x0 ./emlib/em_aes.o
 .data          0x00000000        0x0 ./emlib/em_aes.o
 .bss           0x00000000        0x0 ./emlib/em_aes.o
 .text.AES_IntClear
                0x00000000       0x1c ./emlib/em_aes.o
 .text.AES_CBC128
                0x00000000      0x1ec ./emlib/em_aes.o
 .text.AES_CBC256
                0x00000000      0x224 ./emlib/em_aes.o
 .text.AES_CFB128
                0x00000000      0x120 ./emlib/em_aes.o
 .text.AES_CFB256
                0x00000000      0x12c ./emlib/em_aes.o
 .text.AES_CTR128
                0x00000000       0xe4 ./emlib/em_aes.o
 .text.AES_CTR256
                0x00000000       0xec ./emlib/em_aes.o
 .text.AES_CTRUpdate32Bit
                0x00000000       0x30 ./emlib/em_aes.o
 .text.AES_DecryptKey128
                0x00000000       0x88 ./emlib/em_aes.o
 .text.AES_DecryptKey256
                0x00000000       0xc4 ./emlib/em_aes.o
 .text.AES_ECB128
                0x00000000       0xdc ./emlib/em_aes.o
 .text.AES_ECB256
                0x00000000       0xe8 ./emlib/em_aes.o
 .text.AES_OFB128
                0x00000000       0xd0 ./emlib/em_aes.o
 .text.AES_OFB256
                0x00000000      0x100 ./emlib/em_aes.o
 .debug_info    0x00000000     0x1112 ./emlib/em_aes.o
 .debug_abbrev  0x00000000      0x1f3 ./emlib/em_aes.o
 .debug_loc     0x00000000      0x4f2 ./emlib/em_aes.o
 .debug_aranges
                0x00000000       0x88 ./emlib/em_aes.o
 .debug_ranges  0x00000000       0x78 ./emlib/em_aes.o
 .debug_line    0x00000000      0xb96 ./emlib/em_aes.o
 .debug_str     0x00000000      0x33d ./emlib/em_aes.o
 .comment       0x00000000       0x71 ./emlib/em_aes.o
 .debug_frame   0x00000000      0x234 ./emlib/em_aes.o
 .ARM.attributes
                0x00000000       0x33 ./emlib/em_aes.o
 .text          0x00000000        0x0 ./emlib/em_assert.o
 .data          0x00000000        0x0 ./emlib/em_assert.o
 .bss           0x00000000        0x0 ./emlib/em_assert.o
 .debug_line    0x00000000        0x0 ./emlib/em_assert.o
 .debug_str     0x00000000      0x105 ./emlib/em_assert.o
 .comment       0x00000000       0x71 ./emlib/em_assert.o
 .ARM.attributes
                0x00000000       0x33 ./emlib/em_assert.o
 .text          0x00000000        0x0 ./emlib/em_burtc.o
 .data          0x00000000        0x0 ./emlib/em_burtc.o
 .bss           0x00000000        0x0 ./emlib/em_burtc.o
 .text.BUS_RegBitWrite
                0x00000000       0x2c ./emlib/em_burtc.o
 .text.BUS_RegBitRead
                0x00000000       0x2c ./emlib/em_burtc.o
 .text.BURTC_IntClear
                0x00000000       0x1c ./emlib/em_burtc.o
 .text.BURTC_Enable
                0x00000000       0x50 ./emlib/em_burtc.o
 .text.BURTC_FreezeEnable
                0x00000000       0x20 ./emlib/em_burtc.o
 .text.divToLog2
                0x00000000       0x34 ./emlib/em_burtc.o
 .text.regSync  0x00000000       0x40 ./emlib/em_burtc.o
 .text.BURTC_Init
                0x00000000       0xe8 ./emlib/em_burtc.o
 .text.BURTC_CompareSet
                0x00000000       0x20 ./emlib/em_burtc.o
 .text.BURTC_CompareGet
                0x00000000       0x1c ./emlib/em_burtc.o
 .text.BURTC_CounterReset
                0x00000000       0x20 ./emlib/em_burtc.o
 .text.BURTC_Reset
                0x00000000       0x3c ./emlib/em_burtc.o
 .text.BURTC_ClockFreqGet
                0x00000000       0x7c ./emlib/em_burtc.o
 .debug_info    0x00000000      0x629 ./emlib/em_burtc.o
 .debug_abbrev  0x00000000      0x1d8 ./emlib/em_burtc.o
 .debug_loc     0x00000000      0x434 ./emlib/em_burtc.o
 .debug_aranges
                0x00000000       0x80 ./emlib/em_burtc.o
 .debug_ranges  0x00000000       0x70 ./emlib/em_burtc.o
 .debug_line    0x00000000      0x3b6 ./emlib/em_burtc.o
 .debug_str     0x00000000      0x49a ./emlib/em_burtc.o
 .comment       0x00000000       0x71 ./emlib/em_burtc.o
 .debug_frame   0x00000000      0x1f4 ./emlib/em_burtc.o
 .ARM.attributes
                0x00000000       0x33 ./emlib/em_burtc.o
 .text          0x00000000        0x0 ./emlib/em_cmu.o
 .data          0x00000000        0x0 ./emlib/em_cmu.o
 .bss           0x00000000        0x0 ./emlib/em_cmu.o
 .text.BUS_RegMaskedWrite
                0x00000000       0x28 ./emlib/em_cmu.o
 .text.CMU_Log2ToDiv
                0x00000000       0x1c ./emlib/em_cmu.o
 .text.CMU_AUXHFRCOBandGet
                0x00000000       0x20 ./emlib/em_cmu.o
 .text.CMU_AUXHFRCOBandSet
                0x00000000       0xb0 ./emlib/em_cmu.o
 .text.CMU_Calibrate
                0x00000000       0x88 ./emlib/em_cmu.o
 .text.CMU_CalibrateConfig
                0x00000000       0xd8 ./emlib/em_cmu.o
 .text.CMU_CalibrateCountGet
                0x00000000       0x38 ./emlib/em_cmu.o
 .text.CMU_ClockDivGet
                0x00000000      0x174 ./emlib/em_cmu.o
 .text.CMU_ClockDivSet
                0x00000000      0x230 ./emlib/em_cmu.o
 .text.CMU_FreezeEnable
                0x00000000       0x38 ./emlib/em_cmu.o
 .text.CMU_HFRCOBandGet
                0x00000000       0x20 ./emlib/em_cmu.o
 .text.CMU_HFRCOBandSet
                0x00000000       0xe4 ./emlib/em_cmu.o
 .text.CMU_HFRCOStartupDelayGet
                0x00000000       0x1c ./emlib/em_cmu.o
 .text.CMU_HFRCOStartupDelaySet
                0x00000000       0x30 ./emlib/em_cmu.o
 .text.CMU_HFXOInit
                0x00000000       0x54 ./emlib/em_cmu.o
 .text.CMU_LCDClkFDIVGet
                0x00000000       0x1c ./emlib/em_cmu.o
 .text.CMU_LCDClkFDIVSet
                0x00000000       0x3c ./emlib/em_cmu.o
 .text.CMU_LFXOInit
                0x00000000       0x58 ./emlib/em_cmu.o
 .text.CMU_OscillatorTuningGet
                0x00000000       0x50 ./emlib/em_cmu.o
 .text.CMU_OscillatorTuningSet
                0x00000000       0x74 ./emlib/em_cmu.o
 .text.CMU_PCNTClockExternalGet
                0x00000000       0x60 ./emlib/em_cmu.o
 .text.CMU_PCNTClockExternalSet
                0x00000000       0x34 ./emlib/em_cmu.o
 .text          0x00000000        0x0 ./emlib/em_core.o
 .data          0x00000000        0x0 ./emlib/em_core.o
 .bss           0x00000000        0x0 ./emlib/em_core.o
 .text.NVIC_GetPriority
                0x00000000       0x50 ./emlib/em_core.o
 .text.CORE_EnterCritical
                0x00000000       0x20 ./emlib/em_core.o
 .text.CORE_ExitCritical
                0x00000000       0x1c ./emlib/em_core.o
 .text.CORE_YieldCritical
                0x00000000       0x24 ./emlib/em_core.o
 .text.CORE_AtomicDisableIrq
                0x00000000       0x10 ./emlib/em_core.o
 .text.CORE_AtomicEnableIrq
                0x00000000       0x10 ./emlib/em_core.o
 .text.CORE_EnterAtomic
                0x00000000       0x20 ./emlib/em_core.o
 .text.CORE_ExitAtomic
                0x00000000       0x1c ./emlib/em_core.o
 .text.CORE_YieldAtomic
                0x00000000       0x24 ./emlib/em_core.o
 .text.CORE_EnterNvicMask
                0x00000000       0x38 ./emlib/em_core.o
 .text.CORE_NvicDisableMask
                0x00000000       0x2c ./emlib/em_core.o
 .text.CORE_NvicEnableMask
                0x00000000       0x2c ./emlib/em_core.o
 .text.CORE_YieldNvicMask
                0x00000000       0x88 ./emlib/em_core.o
 .text.CORE_NvicMaskSetIRQ
                0x00000000       0x58 ./emlib/em_core.o
 .text.CORE_NvicMaskClearIRQ
                0x00000000       0x58 ./emlib/em_core.o
 .text.CORE_InIrqContext
                0x00000000       0x24 ./emlib/em_core.o
 .text.CORE_IrqIsBlocked
                0x00000000       0xac ./emlib/em_core.o
 .text.CORE_IrqIsDisabled
                0x00000000       0x28 ./emlib/em_core.o
 .text.CORE_GetNvicEnabledMask
                0x00000000       0x2c ./emlib/em_core.o
 .text.CORE_GetNvicMaskDisableState
                0x00000000       0x54 ./emlib/em_core.o
 .text.CORE_NvicIRQDisabled
                0x00000000       0x58 ./emlib/em_core.o
 .text.CORE_GetNvicRamTableHandler
                0x00000000       0x40 ./emlib/em_core.o
 .text.CORE_SetNvicRamTableHandler
                0x00000000       0x44 ./emlib/em_core.o
 .text.CORE_InitNvicVectorTable
                0x00000000       0xc8 ./emlib/em_core.o
 .text          0x00000000        0x0 ./emlib/em_cryotimer.o
 .data          0x00000000        0x0 ./emlib/em_cryotimer.o
 .bss           0x00000000        0x0 ./emlib/em_cryotimer.o
 .debug_info    0x00000000       0x90 ./emlib/em_cryotimer.o
 .debug_abbrev  0x00000000       0x49 ./emlib/em_cryotimer.o
 .debug_aranges
                0x00000000       0x18 ./emlib/em_cryotimer.o
 .debug_line    0x00000000      0x141 ./emlib/em_cryotimer.o
 .debug_str     0x00000000      0x1b4 ./emlib/em_cryotimer.o
 .comment       0x00000000       0x71 ./emlib/em_cryotimer.o
 .ARM.attributes
                0x00000000       0x33 ./emlib/em_cryotimer.o
 .text          0x00000000        0x0 ./emlib/em_crypto.o
 .data          0x00000000        0x0 ./emlib/em_crypto.o
 .bss           0x00000000        0x0 ./emlib/em_crypto.o
 .debug_info    0x00000000       0x90 ./emlib/em_crypto.o
 .debug_abbrev  0x00000000       0x49 ./emlib/em_crypto.o
 .debug_aranges
                0x00000000       0x18 ./emlib/em_crypto.o
 .debug_line    0x00000000      0x141 ./emlib/em_crypto.o
 .debug_str     0x00000000      0x1b1 ./emlib/em_crypto.o
 .comment       0x00000000       0x71 ./emlib/em_crypto.o
 .ARM.attributes
                0x00000000       0x33 ./emlib/em_crypto.o
 .text          0x00000000        0x0 ./emlib/em_dac.o
 .data          0x00000000        0x0 ./emlib/em_dac.o
 .bss           0x00000000        0x0 ./emlib/em_dac.o
 .text.DAC_Channel0OutputSet
                0x00000000       0x1c ./emlib/em_dac.o
 .text.DAC_Channel1OutputSet
                0x00000000       0x1c ./emlib/em_dac.o
 .text.BUS_RegBitWrite
                0x00000000       0x2c ./emlib/em_dac.o
 .text.DAC_Enable
                0x00000000       0x34 ./emlib/em_dac.o
 .text.DAC_Init
                0x00000000       0xd0 ./emlib/em_dac.o
 .text.DAC_InitChannel
                0x00000000       0x64 ./emlib/em_dac.o
 .text.DAC_ChannelOutputSet
                0x00000000       0x34 ./emlib/em_dac.o
 .text.DAC_PrescaleCalc
                0x00000000       0x64 ./emlib/em_dac.o
 .text.DAC_Reset
                0x00000000       0x44 ./emlib/em_dac.o
 .debug_info    0x00000000      0x8fa ./emlib/em_dac.o
 .debug_abbrev  0x00000000      0x1b5 ./emlib/em_dac.o
 .debug_loc     0x00000000      0x30c ./emlib/em_dac.o
 .debug_aranges
                0x00000000       0x60 ./emlib/em_dac.o
 .debug_ranges  0x00000000       0x50 ./emlib/em_dac.o
 .debug_line    0x00000000      0x325 ./emlib/em_dac.o
 .debug_str     0x00000000      0x88b ./emlib/em_dac.o
 .comment       0x00000000       0x71 ./emlib/em_dac.o
 .debug_frame   0x00000000      0x168 ./emlib/em_dac.o
 .ARM.attributes
                0x00000000       0x33 ./emlib/em_dac.o
 .text          0x00000000        0x0 ./emlib/em_dbg.o
 .data          0x00000000        0x0 ./emlib/em_dbg.o
 .bss           0x00000000        0x0 ./emlib/em_dbg.o
 .text.BUS_RegBitWrite
                0x00000000       0x2c ./emlib/em_dbg.o
 .text.GPIO_DbgSWOEnable
                0x00000000       0x20 ./emlib/em_dbg.o
 .text.DBG_SWOEnable
                0x00000000       0xa0 ./emlib/em_dbg.o
 .debug_info    0x00000000      0x42c ./emlib/em_dbg.o
 .debug_abbrev  0x00000000      0x16e ./emlib/em_dbg.o
 .debug_loc     0x00000000       0xfc ./emlib/em_dbg.o
 .debug_aranges
                0x00000000       0x30 ./emlib/em_dbg.o
 .debug_ranges  0x00000000       0x20 ./emlib/em_dbg.o
 .debug_line    0x00000000      0x2dd ./emlib/em_dbg.o
 .debug_str     0x00000000      0x4d0 ./emlib/em_dbg.o
 .comment       0x00000000       0x71 ./emlib/em_dbg.o
 .debug_frame   0x00000000       0x80 ./emlib/em_dbg.o
 .ARM.attributes
                0x00000000       0x33 ./emlib/em_dbg.o
 .text          0x00000000        0x0 ./emlib/em_dma.o
 .data          0x00000000        0x0 ./emlib/em_dma.o
 .bss           0x00000000        0x0 ./emlib/em_dma.o
 .text.NVIC_EnableIRQ
                0x00000000       0x30 ./emlib/em_dma.o
 .text.NVIC_DisableIRQ
                0x00000000       0x34 ./emlib/em_dma.o
 .text.NVIC_ClearPendingIRQ
                0x00000000       0x34 ./emlib/em_dma.o
 .text.BUS_RegBitWrite
                0x00000000       0x2c ./emlib/em_dma.o
 .text.DMA_Prepare
                0x00000000      0x114 ./emlib/em_dma.o
 .text.DMA_ActivateAuto
                0x00000000       0x48 ./emlib/em_dma.o
 .text.DMA_ActivateBasic
                0x00000000       0x44 ./emlib/em_dma.o
 .text.DMA_ActivatePingPong
                0x00000000       0x5c ./emlib/em_dma.o
 .text.DMA_ActivateScatterGather
                0x00000000      0x14c ./emlib/em_dma.o
 .text.DMA_CfgChannel
                0x00000000       0x90 ./emlib/em_dma.o
 .text.DMA_CfgDescr
                0x00000000       0x70 ./emlib/em_dma.o
 .text.DMA_CfgLoop
                0x00000000       0x58 ./emlib/em_dma.o
 .text.DMA_CfgRect
                0x00000000       0x38 ./emlib/em_dma.o
 .text.DMA_CfgDescrScatterGather
                0x00000000       0xd4 ./emlib/em_dma.o
 .text.DMA_ChannelEnable
                0x00000000       0x3c ./emlib/em_dma.o
 .text.DMA_ChannelEnabled
                0x00000000       0x30 ./emlib/em_dma.o
 .text.DMA_ChannelRequestEnable
                0x00000000       0x38 ./emlib/em_dma.o
 .text.DMA_Init
                0x00000000       0x54 ./emlib/em_dma.o
 .text.DMA_RefreshPingPong
                0x00000000       0xf8 ./emlib/em_dma.o
 .text.DMA_Reset
                0x00000000       0x88 ./emlib/em_dma.o
 .text          0x00000000        0x0 ./emlib/em_ebi.o
 .data          0x00000000        0x0 ./emlib/em_ebi.o
 .bss           0x00000000        0x0 ./emlib/em_ebi.o
 .text.EBI_TFTFrameBaseSet
                0x00000000       0x1c ./emlib/em_ebi.o
 .text.BUS_RegBitWrite
                0x00000000       0x2c ./emlib/em_ebi.o
 .text.EBI_Init
                0x00000000      0x37c ./emlib/em_ebi.o
 .text.EBI_Disable
                0x00000000       0x1c ./emlib/em_ebi.o
 .text.EBI_BankEnable
                0x00000000       0x70 ./emlib/em_ebi.o
 .text.EBI_BankAddress
                0x00000000       0xec ./emlib/em_ebi.o
 .text.EBI_ChipSelectEnable
                0x00000000       0x70 ./emlib/em_ebi.o
 .text.EBI_PolaritySet
                0x00000000       0xf4 ./emlib/em_ebi.o
 .text.EBI_ReadTimingSet
                0x00000000       0x40 ./emlib/em_ebi.o
 .text.EBI_WriteTimingSet
                0x00000000       0x40 ./emlib/em_ebi.o
 .text.EBI_AddressTimingSet
                0x00000000       0x38 ./emlib/em_ebi.o
 .text.EBI_TFTInit
                0x00000000      0x100 ./emlib/em_ebi.o
 .text.EBI_TFTSizeSet
                0x00000000       0x28 ./emlib/em_ebi.o
 .text.EBI_TFTHPorchSet
                0x00000000       0x30 ./emlib/em_ebi.o
 .text.EBI_TFTVPorchSet
                0x00000000       0x30 ./emlib/em_ebi.o
 .text.EBI_TFTTimingSet
                0x00000000       0x34 ./emlib/em_ebi.o
 .text.EBI_BankReadTimingConfig
                0x00000000       0xe8 ./emlib/em_ebi.o
 .text.EBI_BankReadTimingSet
                0x00000000       0xa4 ./emlib/em_ebi.o
 .text.EBI_BankWriteTimingConfig
                0x00000000       0xb0 ./emlib/em_ebi.o
 .text.EBI_BankWriteTimingSet
                0x00000000       0xa4 ./emlib/em_ebi.o
 .text.EBI_BankAddressTimingConfig
                0x00000000       0x7c ./emlib/em_ebi.o
 .text.EBI_BankAddressTimingSet
                0x00000000       0x9c ./emlib/em_ebi.o
 .text.EBI_BankPolaritySet
                0x00000000      0x164 ./emlib/em_ebi.o
 .text.EBI_BankByteLaneEnable
                0x00000000       0x70 ./emlib/em_ebi.o
 .text.EBI_AltMapEnable
                0x00000000       0x20 ./emlib/em_ebi.o
 .debug_info    0x00000000     0x10b7 ./emlib/em_ebi.o
 .debug_abbrev  0x00000000      0x1e2 ./emlib/em_ebi.o
 .debug_loc     0x00000000      0x860 ./emlib/em_ebi.o
 .debug_aranges
                0x00000000       0xe0 ./emlib/em_ebi.o
 .debug_ranges  0x00000000       0xd0 ./emlib/em_ebi.o
 .debug_line    0x00000000      0x57a ./emlib/em_ebi.o
 .debug_str     0x00000000      0xdc5 ./emlib/em_ebi.o
 .comment       0x00000000       0x71 ./emlib/em_ebi.o
 .debug_frame   0x00000000      0x3c8 ./emlib/em_ebi.o
 .ARM.attributes
                0x00000000       0x33 ./emlib/em_ebi.o
 .text          0x00000000        0x0 ./emlib/em_emu.o
 .data          0x00000000        0x0 ./emlib/em_emu.o
 .bss           0x00000000        0x0 ./emlib/em_emu.o
 .text.BUS_RegBitWrite
                0x00000000       0x2c ./emlib/em_emu.o
 .text.EMU_BUPinEnable
                0x00000000       0x20 ./emlib/em_emu.o
 .text.EMU_Unlock
                0x00000000       0x18 ./emlib/em_emu.o
 .text.EMU_EnterEM4
                0x00000000       0x50 ./emlib/em_emu.o
 .text.EMU_MemPwrDown
                0x00000000       0x14 ./emlib/em_emu.o
 .text.EMU_EM23Init
                0x00000000       0x34 ./emlib/em_emu.o
 .text.EMU_EM4Init
                0x00000000       0x50 ./emlib/em_emu.o
 .text.EMU_BUPDInit
                0x00000000       0xd4 ./emlib/em_emu.o
 .text.EMU_BUThresholdSet
                0x00000000       0x4c ./emlib/em_emu.o
 .text.EMU_BUThresRangeSet
                0x00000000       0x50 ./emlib/em_emu.o
 .text          0x00000000        0x0 ./emlib/em_gpcrc.o
 .data          0x00000000        0x0 ./emlib/em_gpcrc.o
 .bss           0x00000000        0x0 ./emlib/em_gpcrc.o
 .debug_info    0x00000000       0x90 ./emlib/em_gpcrc.o
 .debug_abbrev  0x00000000       0x49 ./emlib/em_gpcrc.o
 .debug_aranges
                0x00000000       0x18 ./emlib/em_gpcrc.o
 .debug_line    0x00000000      0x141 ./emlib/em_gpcrc.o
 .debug_str     0x00000000      0x1b0 ./emlib/em_gpcrc.o
 .comment       0x00000000       0x71 ./emlib/em_gpcrc.o
 .ARM.attributes
                0x00000000       0x33 ./emlib/em_gpcrc.o
 .text          0x00000000        0x0 ./emlib/em_gpio.o
 .data          0x00000000        0x0 ./emlib/em_gpio.o
 .bss           0x00000000        0x0 ./emlib/em_gpio.o
 .text.BUS_RegBitWrite
                0x00000000       0x2c ./emlib/em_gpio.o
 .text.BUS_RegMaskedWrite
                0x00000000       0x28 ./emlib/em_gpio.o
 .text.GPIO_EM4SetPinRetention
                0x00000000       0x40 ./emlib/em_gpio.o
 .text.GPIO_DbgLocationSet
                0x00000000       0x2c ./emlib/em_gpio.o
 .text.GPIO_DriveModeSet
                0x00000000       0x70 ./emlib/em_gpio.o
 .text.GPIO_ExtIntConfig
                0x00000000       0xd0 ./emlib/em_gpio.o
 .text.GPIO_PinModeGet
                0x00000000       0x8c ./emlib/em_gpio.o
 .text.GPIO_EM4EnablePinWakeup
                0x00000000       0x58 ./emlib/em_gpio.o
 .text          0x00000000        0x0 ./emlib/em_i2c.o
 .data          0x00000000        0x0 ./emlib/em_i2c.o
 .bss           0x00000000        0x0 ./emlib/em_i2c.o
 .text.BUS_RegBitWrite
                0x00000000       0x2c ./emlib/em_i2c.o
 .text.BUS_RegMaskedWrite
                0x00000000       0x28 ./emlib/em_i2c.o
 .rodata.i2cNSum
                0x00000000        0x4 ./emlib/em_i2c.o
 .bss.i2cTransfer
                0x00000000       0x18 ./emlib/em_i2c.o
 .text.I2C_BusFreqGet
                0x00000000       0x44 ./emlib/em_i2c.o
 .text.I2C_BusFreqSet
                0x00000000       0xfc ./emlib/em_i2c.o
 .text.I2C_Enable
                0x00000000       0x3c ./emlib/em_i2c.o
 .text.I2C_Init
                0x00000000       0x78 ./emlib/em_i2c.o
 .text.I2C_Reset
                0x00000000       0x3c ./emlib/em_i2c.o
 .text.I2C_Transfer
                0x00000000      0x44c ./emlib/em_i2c.o
 .text.I2C_TransferInit
                0x00000000       0xe8 ./emlib/em_i2c.o
 .debug_info    0x00000000      0x869 ./emlib/em_i2c.o
 .debug_abbrev  0x00000000      0x24a ./emlib/em_i2c.o
 .debug_loc     0x00000000      0x300 ./emlib/em_i2c.o
 .debug_aranges
                0x00000000       0x60 ./emlib/em_i2c.o
 .debug_ranges  0x00000000       0x50 ./emlib/em_i2c.o
 .debug_line    0x00000000      0x3fe ./emlib/em_i2c.o
 .debug_str     0x00000000      0x7da ./emlib/em_i2c.o
 .comment       0x00000000       0x71 ./emlib/em_i2c.o
 .debug_frame   0x00000000      0x164 ./emlib/em_i2c.o
 .ARM.attributes
                0x00000000       0x33 ./emlib/em_i2c.o
 .text          0x00000000        0x0 ./emlib/em_idac.o
 .data          0x00000000        0x0 ./emlib/em_idac.o
 .bss           0x00000000        0x0 ./emlib/em_idac.o
 .debug_info    0x00000000       0x90 ./emlib/em_idac.o
 .debug_abbrev  0x00000000       0x49 ./emlib/em_idac.o
 .debug_aranges
                0x00000000       0x18 ./emlib/em_idac.o
 .debug_line    0x00000000      0x141 ./emlib/em_idac.o
 .debug_str     0x00000000      0x1af ./emlib/em_idac.o
 .comment       0x00000000       0x71 ./emlib/em_idac.o
 .ARM.attributes
                0x00000000       0x33 ./emlib/em_idac.o
 .text          0x00000000        0x0 ./emlib/em_int.o
 .data          0x00000000        0x0 ./emlib/em_int.o
 .bss           0x00000000        0x0 ./emlib/em_int.o
 .bss.INT_LockCnt
                0x00000000        0x4 ./emlib/em_int.o
 .debug_info    0x00000000       0xb8 ./emlib/em_int.o
 .debug_abbrev  0x00000000       0x5a ./emlib/em_int.o
 .debug_aranges
                0x00000000       0x18 ./emlib/em_int.o
 .debug_line    0x00000000      0x175 ./emlib/em_int.o
 .debug_str     0x00000000      0x1ce ./emlib/em_int.o
 .comment       0x00000000       0x71 ./emlib/em_int.o
 .ARM.attributes
                0x00000000       0x33 ./emlib/em_int.o
 .text          0x00000000        0x0 ./emlib/em_lcd.o
 .data          0x00000000        0x0 ./emlib/em_lcd.o
 .bss           0x00000000        0x0 ./emlib/em_lcd.o
 .text.LCD_Enable
                0x00000000       0x38 ./emlib/em_lcd.o
 .text.LCD_AnimEnable
                0x00000000       0x38 ./emlib/em_lcd.o
 .text.LCD_FrameCountEnable
                0x00000000       0x38 ./emlib/em_lcd.o
 .text.BUS_RegBitWrite
                0x00000000       0x2c ./emlib/em_lcd.o
 .text.LCD_Init
                0x00000000       0x78 ./emlib/em_lcd.o
 .text.LCD_VLCDSelect
                0x00000000       0x44 ./emlib/em_lcd.o
 .text.LCD_UpdateCtrl
                0x00000000       0x28 ./emlib/em_lcd.o
 .text.LCD_FrameCountInit
                0x00000000       0x48 ./emlib/em_lcd.o
 .text.LCD_AnimInit
                0x00000000       0x88 ./emlib/em_lcd.o
 .text.LCD_SegmentRangeEnable
                0x00000000       0x40 ./emlib/em_lcd.o
 .text.LCD_SegmentSet
                0x00000000      0x1e4 ./emlib/em_lcd.o
 .text.LCD_SegmentSetLow
                0x00000000      0x17c ./emlib/em_lcd.o
 .text.LCD_SegmentSetHigh
                0x00000000      0x17c ./emlib/em_lcd.o
 .text.LCD_ContrastSet
                0x00000000       0x28 ./emlib/em_lcd.o
 .text.LCD_VBoostSet
                0x00000000       0x28 ./emlib/em_lcd.o
 .text.LCD_BiasSegmentSet
                0x00000000      0x104 ./emlib/em_lcd.o
 .text.LCD_BiasComSet
                0x00000000       0x40 ./emlib/em_lcd.o
 .debug_info    0x00000000      0xa3e ./emlib/em_lcd.o
 .debug_abbrev  0x00000000      0x1c0 ./emlib/em_lcd.o
 .debug_loc     0x00000000      0x5ec ./emlib/em_lcd.o
 .debug_aranges
                0x00000000       0xa0 ./emlib/em_lcd.o
 .debug_ranges  0x00000000       0x90 ./emlib/em_lcd.o
 .debug_line    0x00000000      0x448 ./emlib/em_lcd.o
 .debug_str     0x00000000      0x8c7 ./emlib/em_lcd.o
 .comment       0x00000000       0x71 ./emlib/em_lcd.o
 .debug_frame   0x00000000      0x2a8 ./emlib/em_lcd.o
 .ARM.attributes
                0x00000000       0x33 ./emlib/em_lcd.o
 .text          0x00000000        0x0 ./emlib/em_ldma.o
 .data          0x00000000        0x0 ./emlib/em_ldma.o
 .bss           0x00000000        0x0 ./emlib/em_ldma.o
 .debug_info    0x00000000       0x90 ./emlib/em_ldma.o
 .debug_abbrev  0x00000000       0x49 ./emlib/em_ldma.o
 .debug_aranges
                0x00000000       0x18 ./emlib/em_ldma.o
 .debug_line    0x00000000      0x141 ./emlib/em_ldma.o
 .debug_str     0x00000000      0x1af ./emlib/em_ldma.o
 .comment       0x00000000       0x71 ./emlib/em_ldma.o
 .ARM.attributes
                0x00000000       0x33 ./emlib/em_ldma.o
 .text          0x00000000        0x0 ./emlib/em_lesense.o
 .data          0x00000000        0x0 ./emlib/em_lesense.o
 .bss           0x00000000        0x0 ./emlib/em_lesense.o
 .text.BUS_RegBitWrite
                0x00000000       0x2c ./emlib/em_lesense.o
 .text.LESENSE_Init
                0x00000000      0x168 ./emlib/em_lesense.o
 .text.LESENSE_ScanFreqSet
                0x00000000       0xbc ./emlib/em_lesense.o
 .text.LESENSE_ScanModeSet
                0x00000000       0x3c ./emlib/em_lesense.o
 .text.LESENSE_StartDelaySet
                0x00000000       0x34 ./emlib/em_lesense.o
 .text.LESENSE_ClkDivSet
                0x00000000       0x60 ./emlib/em_lesense.o
 .text.LESENSE_ChannelAllConfig
                0x00000000       0x30 ./emlib/em_lesense.o
 .text.LESENSE_ChannelConfig
                0x00000000      0x168 ./emlib/em_lesense.o
 .text.LESENSE_AltExConfig
                0x00000000       0xec ./emlib/em_lesense.o
 .text.LESENSE_ChannelEnable
                0x00000000       0x3c ./emlib/em_lesense.o
 .text.LESENSE_ChannelEnableMask
                0x00000000       0x2c ./emlib/em_lesense.o
 .text.LESENSE_ChannelTimingSet
                0x00000000       0x44 ./emlib/em_lesense.o
 .text.LESENSE_ChannelThresSet
                0x00000000       0x78 ./emlib/em_lesense.o
 .text.LESENSE_DecoderStateAllConfig
                0x00000000       0x38 ./emlib/em_lesense.o
 .text.LESENSE_DecoderStateConfig
                0x00000000       0x80 ./emlib/em_lesense.o
 .text.LESENSE_DecoderStateSet
                0x00000000       0x20 ./emlib/em_lesense.o
 .text.LESENSE_DecoderStateGet
                0x00000000       0x1c ./emlib/em_lesense.o
 .text.LESENSE_ScanStart
                0x00000000       0x34 ./emlib/em_lesense.o
 .text.LESENSE_ScanStop
                0x00000000       0x34 ./emlib/em_lesense.o
 .text.LESENSE_DecoderStart
                0x00000000       0x34 ./emlib/em_lesense.o
 .text.LESENSE_ResultBufferClear
                0x00000000       0x34 ./emlib/em_lesense.o
 .text.LESENSE_Reset
                0x00000000       0xec ./emlib/em_lesense.o
 .debug_info    0x00000000     0x1427 ./emlib/em_lesense.o
 .debug_abbrev  0x00000000      0x22e ./emlib/em_lesense.o
 .debug_loc     0x00000000      0x710 ./emlib/em_lesense.o
 .debug_aranges
                0x00000000       0xc8 ./emlib/em_lesense.o
 .debug_ranges  0x00000000       0xb8 ./emlib/em_lesense.o
 .debug_line    0x00000000      0x631 ./emlib/em_lesense.o
 .debug_str     0x00000000     0x1585 ./emlib/em_lesense.o
 .comment       0x00000000       0x71 ./emlib/em_lesense.o
 .debug_frame   0x00000000      0x33c ./emlib/em_lesense.o
 .ARM.attributes
                0x00000000       0x33 ./emlib/em_lesense.o
 .text          0x00000000        0x0 ./emlib/em_letimer.o
 .data          0x00000000        0x0 ./emlib/em_letimer.o
 .bss           0x00000000        0x0 ./emlib/em_letimer.o
 .text.LETIMER_CompareGet
                0x00000000       0x50 ./emlib/em_letimer.o
 .text.LETIMER_Enable
                0x00000000       0x2c ./emlib/em_letimer.o
 .text.LETIMER_FreezeEnable
                0x00000000       0x34 ./emlib/em_letimer.o
 .text.LETIMER_RepeatGet
                0x00000000       0x50 ./emlib/em_letimer.o
 .text.LETIMER_RepeatSet
                0x00000000       0x58 ./emlib/em_letimer.o
 .text.LETIMER_Reset
                0x00000000       0x50 ./emlib/em_letimer.o
 .text          0x00000000        0x0 ./emlib/em_leuart.o
 .data          0x00000000        0x0 ./emlib/em_leuart.o
 .bss           0x00000000        0x0 ./emlib/em_leuart.o
 .text.LEUART_Sync
                0x00000000       0x30 ./emlib/em_leuart.o
 .text.LEUART_BaudrateCalc
                0x00000000       0x5c ./emlib/em_leuart.o
 .text.LEUART_BaudrateGet
                0x00000000       0x58 ./emlib/em_leuart.o
 .text.LEUART_BaudrateSet
                0x00000000       0x80 ./emlib/em_leuart.o
 .text.LEUART_Enable
                0x00000000       0x58 ./emlib/em_leuart.o
 .text.LEUART_FreezeEnable
                0x00000000       0x34 ./emlib/em_leuart.o
 .text.LEUART_Init
                0x00000000       0x84 ./emlib/em_leuart.o
 .text.LEUART_Reset
                0x00000000       0x70 ./emlib/em_leuart.o
 .text.LEUART_Rx
                0x00000000       0x28 ./emlib/em_leuart.o
 .text.LEUART_RxExt
                0x00000000       0x28 ./emlib/em_leuart.o
 .text.LEUART_Tx
                0x00000000       0x30 ./emlib/em_leuart.o
 .text.LEUART_TxExt
                0x00000000       0x30 ./emlib/em_leuart.o
 .text.LEUART_TxDmaInEM2Enable
                0x00000000       0x3c ./emlib/em_leuart.o
 .text.LEUART_RxDmaInEM2Enable
                0x00000000       0x3c ./emlib/em_leuart.o
 .debug_info    0x00000000      0x850 ./emlib/em_leuart.o
 .debug_abbrev  0x00000000      0x1b9 ./emlib/em_leuart.o
 .debug_loc     0x00000000      0x49c ./emlib/em_leuart.o
 .debug_aranges
                0x00000000       0x88 ./emlib/em_leuart.o
 .debug_ranges  0x00000000       0x78 ./emlib/em_leuart.o
 .debug_line    0x00000000      0x3a7 ./emlib/em_leuart.o
 .debug_str     0x00000000      0x75c ./emlib/em_leuart.o
 .comment       0x00000000       0x71 ./emlib/em_leuart.o
 .debug_frame   0x00000000      0x21c ./emlib/em_leuart.o
 .ARM.attributes
                0x00000000       0x33 ./emlib/em_leuart.o
 .text          0x00000000        0x0 ./emlib/em_mpu.o
 .data          0x00000000        0x0 ./emlib/em_mpu.o
 .bss           0x00000000        0x0 ./emlib/em_mpu.o
 .text.MPU_ConfigureRegion
                0x00000000       0x88 ./emlib/em_mpu.o
 .debug_info    0x00000000      0x36a ./emlib/em_mpu.o
 .debug_abbrev  0x00000000      0x101 ./emlib/em_mpu.o
 .debug_loc     0x00000000       0x5c ./emlib/em_mpu.o
 .debug_aranges
                0x00000000       0x20 ./emlib/em_mpu.o
 .debug_ranges  0x00000000       0x10 ./emlib/em_mpu.o
 .debug_line    0x00000000      0x1cf ./emlib/em_mpu.o
 .debug_str     0x00000000      0x542 ./emlib/em_mpu.o
 .comment       0x00000000       0x71 ./emlib/em_mpu.o
 .debug_frame   0x00000000       0x38 ./emlib/em_mpu.o
 .ARM.attributes
                0x00000000       0x33 ./emlib/em_mpu.o
 .text          0x00000000        0x0 ./emlib/em_msc.o
 .data          0x00000000        0x0 ./emlib/em_msc.o
 .bss           0x00000000        0x0 ./emlib/em_msc.o
 .ram           0x00000000      0x3f8 ./emlib/em_msc.o
 .text.MSC_Init
                0x00000000       0xbc ./emlib/em_msc.o
 .text.MSC_Deinit
                0x00000000       0x24 ./emlib/em_msc.o
 .text.MSC_ExecConfigSet
                0x00000000       0xc8 ./emlib/em_msc.o
 .debug_info    0x00000000      0x806 ./emlib/em_msc.o
 .debug_abbrev  0x00000000      0x203 ./emlib/em_msc.o
 .debug_loc     0x00000000      0x370 ./emlib/em_msc.o
 .debug_aranges
                0x00000000       0x70 ./emlib/em_msc.o
 .debug_ranges  0x00000000       0x60 ./emlib/em_msc.o
 .debug_line    0x00000000      0x3f0 ./emlib/em_msc.o
 .debug_str     0x00000000      0x737 ./emlib/em_msc.o
 .comment       0x00000000       0x71 ./emlib/em_msc.o
 .debug_frame   0x00000000      0x19c ./emlib/em_msc.o
 .ARM.attributes
                0x00000000       0x33 ./emlib/em_msc.o
 .text          0x00000000        0x0 ./emlib/em_opamp.o
 .data          0x00000000        0x0 ./emlib/em_opamp.o
 .bss           0x00000000        0x0 ./emlib/em_opamp.o
 .text.OPAMP_Disable
                0x00000000       0x64 ./emlib/em_opamp.o
 .text.OPAMP_Enable
                0x00000000      0x3b4 ./emlib/em_opamp.o
 .debug_info    0x00000000      0x4e7 ./emlib/em_opamp.o
 .debug_abbrev  0x00000000      0x122 ./emlib/em_opamp.o
 .debug_loc     0x00000000       0xac ./emlib/em_opamp.o
 .debug_aranges
                0x00000000       0x28 ./emlib/em_opamp.o
 .debug_ranges  0x00000000       0x18 ./emlib/em_opamp.o
 .debug_line    0x00000000      0x4da ./emlib/em_opamp.o
 .debug_str     0x00000000      0x56a ./emlib/em_opamp.o
 .comment       0x00000000       0x71 ./emlib/em_opamp.o
 .debug_frame   0x00000000       0x60 ./emlib/em_opamp.o
 .ARM.attributes
                0x00000000       0x33 ./emlib/em_opamp.o
 .text          0x00000000        0x0 ./emlib/em_pcnt.o
 .data          0x00000000        0x0 ./emlib/em_pcnt.o
 .bss           0x00000000        0x0 ./emlib/em_pcnt.o
 .text.BUS_RegBitWrite
                0x00000000       0x2c ./emlib/em_pcnt.o
 .text.PCNT_Map
                0x00000000       0x20 ./emlib/em_pcnt.o
 .text.PCNT_Sync
                0x00000000       0x30 ./emlib/em_pcnt.o
 .text.PCNT_CounterReset
                0x00000000       0x4c ./emlib/em_pcnt.o
 .text.PCNT_CounterTopSet
                0x00000000       0xc0 ./emlib/em_pcnt.o
 .text.PCNT_Enable
                0x00000000       0x58 ./emlib/em_pcnt.o
 .text.PCNT_PRSInputEnable
                0x00000000       0x70 ./emlib/em_pcnt.o
 .text.PCNT_FreezeEnable
                0x00000000       0x5c ./emlib/em_pcnt.o
 .text.PCNT_Init
                0x00000000      0x1d8 ./emlib/em_pcnt.o
 .text.PCNT_Reset
                0x00000000       0x80 ./emlib/em_pcnt.o
 .text.PCNT_TopBufferSet
                0x00000000       0x44 ./emlib/em_pcnt.o
 .text.PCNT_TopSet
                0x00000000       0x54 ./emlib/em_pcnt.o
 .debug_info    0x00000000      0x688 ./emlib/em_pcnt.o
 .debug_abbrev  0x00000000      0x1a4 ./emlib/em_pcnt.o
 .debug_loc     0x00000000      0x3f0 ./emlib/em_pcnt.o
 .debug_aranges
                0x00000000       0x78 ./emlib/em_pcnt.o
 .debug_ranges  0x00000000       0x68 ./emlib/em_pcnt.o
 .debug_line    0x00000000      0x416 ./emlib/em_pcnt.o
 .debug_str     0x00000000      0x4f3 ./emlib/em_pcnt.o
 .comment       0x00000000       0x71 ./emlib/em_pcnt.o
 .debug_frame   0x00000000      0x1d0 ./emlib/em_pcnt.o
 .ARM.attributes
                0x00000000       0x33 ./emlib/em_pcnt.o
 .text          0x00000000        0x0 ./emlib/em_prs.o
 .data          0x00000000        0x0 ./emlib/em_prs.o
 .bss           0x00000000        0x0 ./emlib/em_prs.o
 .text.PRS_SourceSignalSet
                0x00000000       0x38 ./emlib/em_prs.o
 .text.PRS_SourceAsyncSignalSet
                0x00000000       0x38 ./emlib/em_prs.o
 .debug_info    0x00000000      0x21d ./emlib/em_prs.o
 .debug_abbrev  0x00000000       0xda ./emlib/em_prs.o
 .debug_loc     0x00000000       0xb8 ./emlib/em_prs.o
 .debug_aranges
                0x00000000       0x28 ./emlib/em_prs.o
 .debug_ranges  0x00000000       0x18 ./emlib/em_prs.o
 .debug_line    0x00000000      0x23c ./emlib/em_prs.o
 .debug_str     0x00000000      0x280 ./emlib/em_prs.o
 .comment       0x00000000       0x71 ./emlib/em_prs.o
 .debug_frame   0x00000000       0x60 ./emlib/em_prs.o
 .ARM.attributes
                0x00000000       0x33 ./emlib/em_prs.o
 .text          0x00000000        0x0 ./emlib/em_rmu.o
 .data          0x00000000        0x0 ./emlib/em_rmu.o
 .bss           0x00000000        0x0 ./emlib/em_rmu.o
 .text.SL_CTZ   0x00000000       0x28 ./emlib/em_rmu.o
 .text.BUS_RegBitWrite
                0x00000000       0x2c ./emlib/em_rmu.o
 .text.EMU_Lock
                0x00000000       0x18 ./emlib/em_rmu.o
 .text.EMU_Unlock
                0x00000000       0x18 ./emlib/em_rmu.o
 .rodata.resetCauseMasks
                0x00000000       0x80 ./emlib/em_rmu.o
 .text.RMU_ResetControl
                0x00000000       0x3c ./emlib/em_rmu.o
 .text.RMU_ResetCauseClear
                0x00000000       0x50 ./emlib/em_rmu.o
 .text.RMU_ResetCauseGet
                0x00000000       0x6c ./emlib/em_rmu.o
 .debug_info    0x00000000      0x4ab ./emlib/em_rmu.o
 .debug_abbrev  0x00000000      0x1d2 ./emlib/em_rmu.o
 .debug_loc     0x00000000      0x23c ./emlib/em_rmu.o
 .debug_aranges
                0x00000000       0x50 ./emlib/em_rmu.o
 .debug_ranges  0x00000000       0x40 ./emlib/em_rmu.o
 .debug_line    0x00000000      0x2ff ./emlib/em_rmu.o
 .debug_str     0x00000000      0x3d8 ./emlib/em_rmu.o
 .comment       0x00000000       0x71 ./emlib/em_rmu.o
 .debug_frame   0x00000000      0x110 ./emlib/em_rmu.o
 .ARM.attributes
                0x00000000       0x33 ./emlib/em_rmu.o
 .text          0x00000000        0x0 ./emlib/em_rtc.o
 .data          0x00000000        0x0 ./emlib/em_rtc.o
 .bss           0x00000000        0x0 ./emlib/em_rtc.o
 .text.BUS_RegBitWrite
                0x00000000       0x2c ./emlib/em_rtc.o
 .text.RTC_CompareGet
                0x00000000       0x3c ./emlib/em_rtc.o
 .text.RTC_CompareSet
                0x00000000       0x4c ./emlib/em_rtc.o
 .text.RTC_Enable
                0x00000000       0x20 ./emlib/em_rtc.o
 .text.RTC_FreezeEnable
                0x00000000       0x2c ./emlib/em_rtc.o
 .text.RTC_Init
                0x00000000       0x50 ./emlib/em_rtc.o
 .text.RTC_Reset
                0x00000000       0x34 ./emlib/em_rtc.o
 .text.RTC_CounterReset
                0x00000000       0x14 ./emlib/em_rtc.o
 .debug_info    0x00000000      0x33f ./emlib/em_rtc.o
 .debug_abbrev  0x00000000      0x196 ./emlib/em_rtc.o
 .debug_loc     0x00000000      0x28c ./emlib/em_rtc.o
 .debug_aranges
                0x00000000       0x58 ./emlib/em_rtc.o
 .debug_ranges  0x00000000       0x48 ./emlib/em_rtc.o
 .debug_line    0x00000000      0x2d6 ./emlib/em_rtc.o
 .debug_str     0x00000000      0x2b4 ./emlib/em_rtc.o
 .comment       0x00000000       0x71 ./emlib/em_rtc.o
 .debug_frame   0x00000000      0x138 ./emlib/em_rtc.o
 .ARM.attributes
                0x00000000       0x33 ./emlib/em_rtc.o
 .text          0x00000000        0x0 ./emlib/em_rtcc.o
 .data          0x00000000        0x0 ./emlib/em_rtcc.o
 .bss           0x00000000        0x0 ./emlib/em_rtcc.o
 .debug_info    0x00000000       0x90 ./emlib/em_rtcc.o
 .debug_abbrev  0x00000000       0x49 ./emlib/em_rtcc.o
 .debug_aranges
                0x00000000       0x18 ./emlib/em_rtcc.o
 .debug_line    0x00000000      0x141 ./emlib/em_rtcc.o
 .debug_str     0x00000000      0x1af ./emlib/em_rtcc.o
 .comment       0x00000000       0x71 ./emlib/em_rtcc.o
 .ARM.attributes
                0x00000000       0x33 ./emlib/em_rtcc.o
 .text          0x00000000        0x0 ./emlib/em_system.o
 .data          0x00000000        0x0 ./emlib/em_system.o
 .bss           0x00000000        0x0 ./emlib/em_system.o
 .text.SYSTEM_GetCalibrationValue
                0x00000000       0x5c ./emlib/em_system.o
 .text          0x00000000        0x0 ./emlib/em_timer.o
 .data          0x00000000        0x0 ./emlib/em_timer.o
 .bss           0x00000000        0x0 ./emlib/em_timer.o
 .text.TIMER_EnableDTI
                0x00000000       0x38 ./emlib/em_timer.o
 .text.TIMER_GetDTIFault
                0x00000000       0x1c ./emlib/em_timer.o
 .text.TIMER_ClearDTIFault
                0x00000000       0x1c ./emlib/em_timer.o
 .text.TIMER_Init
                0x00000000      0x10c ./emlib/em_timer.o
 .text.TIMER_InitCC
                0x00000000       0xcc ./emlib/em_timer.o
 .text.TIMER_InitDTI
                0x00000000      0x104 ./emlib/em_timer.o
 .text.TIMER_Reset
                0x00000000       0xd8 ./emlib/em_timer.o
 .debug_info    0x00000000      0x8df ./emlib/em_timer.o
 .debug_abbrev  0x00000000      0x199 ./emlib/em_timer.o
 .debug_loc     0x00000000      0x278 ./emlib/em_timer.o
 .debug_aranges
                0x00000000       0x50 ./emlib/em_timer.o
 .debug_ranges  0x00000000       0x40 ./emlib/em_timer.o
 .debug_line    0x00000000      0x508 ./emlib/em_timer.o
 .debug_str     0x00000000      0x956 ./emlib/em_timer.o
 .comment       0x00000000       0x71 ./emlib/em_timer.o
 .debug_frame   0x00000000      0x124 ./emlib/em_timer.o
 .ARM.attributes
                0x00000000       0x33 ./emlib/em_timer.o
 .text          0x00000000        0x0 ./emlib/em_usart.o
 .data          0x00000000        0x0 ./emlib/em_usart.o
 .bss           0x00000000        0x0 ./emlib/em_usart.o
 .text.BUS_RegMaskedWrite
                0x00000000       0x28 ./emlib/em_usart.o
 .text.USART_BaudrateAsyncSet
                0x00000000       0xb0 ./emlib/em_usart.o
 .text.USART_BaudrateCalc
                0x00000000      0x124 ./emlib/em_usart.o
 .text.USART_BaudrateGet
                0x00000000       0x50 ./emlib/em_usart.o
 .text.USART_BaudrateSyncSet
                0x00000000       0x74 ./emlib/em_usart.o
 .text.USART_Enable
                0x00000000       0x70 ./emlib/em_usart.o
 .text.USART_InitAsync
                0x00000000       0xb4 ./emlib/em_usart.o
 .text.USART_InitSync
                0x00000000       0xcc ./emlib/em_usart.o
 .text.USARTn_InitIrDA
                0x00000000       0x70 ./emlib/em_usart.o
 .text.USART_InitI2s
                0x00000000       0x94 ./emlib/em_usart.o
 .text.USART_InitPrsTrigger
                0x00000000       0x60 ./emlib/em_usart.o
 .text.USART_Reset
                0x00000000       0xb0 ./emlib/em_usart.o
 .text.USART_Rx
                0x00000000       0x28 ./emlib/em_usart.o
 .text.USART_RxDouble
                0x00000000       0x28 ./emlib/em_usart.o
 .text.USART_RxDoubleExt
                0x00000000       0x28 ./emlib/em_usart.o
 .text.USART_RxExt
                0x00000000       0x28 ./emlib/em_usart.o
 .text.USART_SpiTransfer
                0x00000000       0x40 ./emlib/em_usart.o
 .text.USART_Tx
                0x00000000       0x2c ./emlib/em_usart.o
 .text.USART_TxDouble
                0x00000000       0x2c ./emlib/em_usart.o
 .text.USART_TxDoubleExt
                0x00000000       0x28 ./emlib/em_usart.o
 .text.USART_TxExt
                0x00000000       0x2c ./emlib/em_usart.o
 .debug_info    0x00000000      0xf0a ./emlib/em_usart.o
 .debug_abbrev  0x00000000      0x1dd ./emlib/em_usart.o
 .debug_loc     0x00000000      0x72e ./emlib/em_usart.o
 .debug_aranges
                0x00000000       0xc0 ./emlib/em_usart.o
 .debug_ranges  0x00000000       0xb0 ./emlib/em_usart.o
 .debug_line    0x00000000      0x597 ./emlib/em_usart.o
 .debug_str     0x00000000      0xded ./emlib/em_usart.o
 .comment       0x00000000       0x71 ./emlib/em_usart.o
 .debug_frame   0x00000000      0x338 ./emlib/em_usart.o
 .ARM.attributes
                0x00000000       0x33 ./emlib/em_usart.o
 .text          0x00000000        0x0 ./emlib/em_vcmp.o
 .data          0x00000000        0x0 ./emlib/em_vcmp.o
 .bss           0x00000000        0x0 ./emlib/em_vcmp.o
 .text.VCMP_Ready
                0x00000000       0x24 ./emlib/em_vcmp.o
 .text.VCMP_IntClear
                0x00000000       0x1c ./emlib/em_vcmp.o
 .text.VCMP_Init
                0x00000000      0x1a4 ./emlib/em_vcmp.o
 .text.VCMP_LowPowerRefSet
                0x00000000       0x3c ./emlib/em_vcmp.o
 .text.VCMP_TriggerSet
                0x00000000       0x34 ./emlib/em_vcmp.o
 .debug_info    0x00000000      0x303 ./emlib/em_vcmp.o
 .debug_abbrev  0x00000000      0x113 ./emlib/em_vcmp.o
 .debug_loc     0x00000000      0x1a8 ./emlib/em_vcmp.o
 .debug_aranges
                0x00000000       0x40 ./emlib/em_vcmp.o
 .debug_ranges  0x00000000       0x30 ./emlib/em_vcmp.o
 .debug_line    0x00000000      0x2b1 ./emlib/em_vcmp.o
 .debug_str     0x00000000      0x3a6 ./emlib/em_vcmp.o
 .comment       0x00000000       0x71 ./emlib/em_vcmp.o
 .debug_frame   0x00000000       0xcc ./emlib/em_vcmp.o
 .ARM.attributes
                0x00000000       0x33 ./emlib/em_vcmp.o
 .text          0x00000000        0x0 ./emlib/em_wdog.o
 .data          0x00000000        0x0 ./emlib/em_wdog.o
 .bss           0x00000000        0x0 ./emlib/em_wdog.o
 .text.BUS_RegBitWrite
                0x00000000       0x2c ./emlib/em_wdog.o
 .text.BUS_RegBitRead
                0x00000000       0x2c ./emlib/em_wdog.o
 .text.WDOGn_Enable
                0x00000000       0x64 ./emlib/em_wdog.o
 .text.WDOGn_Feed
                0x00000000       0x44 ./emlib/em_wdog.o
 .text.WDOGn_Init
                0x00000000       0xb0 ./emlib/em_wdog.o
 .text.WDOGn_Lock
                0x00000000       0x28 ./emlib/em_wdog.o
 .debug_info    0x00000000      0x3b2 ./emlib/em_wdog.o
 .debug_abbrev  0x00000000      0x133 ./emlib/em_wdog.o
 .debug_loc     0x00000000      0x210 ./emlib/em_wdog.o
 .debug_aranges
                0x00000000       0x48 ./emlib/em_wdog.o
 .debug_ranges  0x00000000       0x38 ./emlib/em_wdog.o
 .debug_line    0x00000000      0x2c7 ./emlib/em_wdog.o
 .debug_str     0x00000000      0x3ed ./emlib/em_wdog.o
 .comment       0x00000000       0x71 ./emlib/em_wdog.o
 .debug_frame   0x00000000       0xf8 ./emlib/em_wdog.o
 .ARM.attributes
                0x00000000       0x33 ./emlib/em_wdog.o
 .text          0x00000000        0x0 ./src/letimer.o
 .data          0x00000000        0x0 ./src/letimer.o
 .bss           0x00000000        0x0 ./src/letimer.o
 .text          0x00000000        0x0 ./src/main.o
 .data          0x00000000        0x0 ./src/main.o
 .bss           0x00000000        0x0 ./src/main.o
 .text          0x00000000        0x0 ./src/periph.o
 .data          0x00000000        0x0 ./src/periph.o
 .bss           0x00000000        0x0 ./src/periph.o
 .text          0x00000000        0x0 ./src/sleep.o
 .data          0x00000000        0x0 ./src/sleep.o
 .bss           0x00000000        0x0 ./src/sleep.o
 .text.unblockSleepMode
                0x00000000       0x34 ./src/sleep.o
 .text          0x00000000       0x30 /home/burin/SimplicityStudio_v4/developer/toolchains/gnu_arm/4.9_2015q3/bin/../lib/gcc/arm-none-eabi/4.9.3/armv7-m/libgcc.a(_aeabi_uldivmod.o)
 .data          0x00000000        0x0 /home/burin/SimplicityStudio_v4/developer/toolchains/gnu_arm/4.9_2015q3/bin/../lib/gcc/arm-none-eabi/4.9.3/armv7-m/libgcc.a(_aeabi_uldivmod.o)
 .bss           0x00000000        0x0 /home/burin/SimplicityStudio_v4/developer/toolchains/gnu_arm/4.9_2015q3/bin/../lib/gcc/arm-none-eabi/4.9.3/armv7-m/libgcc.a(_aeabi_uldivmod.o)
 .debug_frame   0x00000000       0x28 /home/burin/SimplicityStudio_v4/developer/toolchains/gnu_arm/4.9_2015q3/bin/../lib/gcc/arm-none-eabi/4.9.3/armv7-m/libgcc.a(_aeabi_uldivmod.o)
 .ARM.attributes
                0x00000000       0x1d /home/burin/SimplicityStudio_v4/developer/toolchains/gnu_arm/4.9_2015q3/bin/../lib/gcc/arm-none-eabi/4.9.3/armv7-m/libgcc.a(_aeabi_uldivmod.o)
 .text          0x00000000       0x60 /home/burin/SimplicityStudio_v4/developer/toolchains/gnu_arm/4.9_2015q3/bin/../lib/gcc/arm-none-eabi/4.9.3/armv7-m/libgcc.a(bpabi.o)
 .data          0x00000000        0x0 /home/burin/SimplicityStudio_v4/developer/toolchains/gnu_arm/4.9_2015q3/bin/../lib/gcc/arm-none-eabi/4.9.3/armv7-m/libgcc.a(bpabi.o)
 .bss           0x00000000        0x0 /home/burin/SimplicityStudio_v4/developer/toolchains/gnu_arm/4.9_2015q3/bin/../lib/gcc/arm-none-eabi/4.9.3/armv7-m/libgcc.a(bpabi.o)
 .debug_frame   0x00000000       0x54 /home/burin/SimplicityStudio_v4/developer/toolchains/gnu_arm/4.9_2015q3/bin/../lib/gcc/arm-none-eabi/4.9.3/armv7-m/libgcc.a(bpabi.o)
 .ARM.attributes
                0x00000000       0x2d /home/burin/SimplicityStudio_v4/developer/toolchains/gnu_arm/4.9_2015q3/bin/../lib/gcc/arm-none-eabi/4.9.3/armv7-m/libgcc.a(bpabi.o)
 .text          0x00000000        0x4 /home/burin/SimplicityStudio_v4/developer/toolchains/gnu_arm/4.9_2015q3/bin/../lib/gcc/arm-none-eabi/4.9.3/armv7-m/libgcc.a(_dvmd_tls.o)
 .data          0x00000000        0x0 /home/burin/SimplicityStudio_v4/developer/toolchains/gnu_arm/4.9_2015q3/bin/../lib/gcc/arm-none-eabi/4.9.3/armv7-m/libgcc.a(_dvmd_tls.o)
 .bss           0x00000000        0x0 /home/burin/SimplicityStudio_v4/developer/toolchains/gnu_arm/4.9_2015q3/bin/../lib/gcc/arm-none-eabi/4.9.3/armv7-m/libgcc.a(_dvmd_tls.o)
 .ARM.attributes
                0x00000000       0x1d /home/burin/SimplicityStudio_v4/developer/toolchains/gnu_arm/4.9_2015q3/bin/../lib/gcc/arm-none-eabi/4.9.3/armv7-m/libgcc.a(_dvmd_tls.o)
 .text          0x00000000      0x2ac /home/burin/SimplicityStudio_v4/developer/toolchains/gnu_arm/4.9_2015q3/bin/../lib/gcc/arm-none-eabi/4.9.3/armv7-m/libgcc.a(_divdi3.o)
 .data          0x00000000        0x0 /home/burin/SimplicityStudio_v4/developer/toolchains/gnu_arm/4.9_2015q3/bin/../lib/gcc/arm-none-eabi/4.9.3/armv7-m/libgcc.a(_divdi3.o)
 .bss           0x00000000        0x0 /home/burin/SimplicityStudio_v4/developer/toolchains/gnu_arm/4.9_2015q3/bin/../lib/gcc/arm-none-eabi/4.9.3/armv7-m/libgcc.a(_divdi3.o)
 .ARM.extab     0x00000000        0x0 /home/burin/SimplicityStudio_v4/developer/toolchains/gnu_arm/4.9_2015q3/bin/../lib/gcc/arm-none-eabi/4.9.3/armv7-m/libgcc.a(_divdi3.o)
 .ARM.exidx     0x00000000        0x8 /home/burin/SimplicityStudio_v4/developer/toolchains/gnu_arm/4.9_2015q3/bin/../lib/gcc/arm-none-eabi/4.9.3/armv7-m/libgcc.a(_divdi3.o)
 .debug_frame   0x00000000       0x34 /home/burin/SimplicityStudio_v4/developer/toolchains/gnu_arm/4.9_2015q3/bin/../lib/gcc/arm-none-eabi/4.9.3/armv7-m/libgcc.a(_divdi3.o)
 .ARM.attributes
                0x00000000       0x2d /home/burin/SimplicityStudio_v4/developer/toolchains/gnu_arm/4.9_2015q3/bin/../lib/gcc/arm-none-eabi/4.9.3/armv7-m/libgcc.a(_divdi3.o)
 .text          0x00000000      0x270 /home/burin/SimplicityStudio_v4/developer/toolchains/gnu_arm/4.9_2015q3/bin/../lib/gcc/arm-none-eabi/4.9.3/armv7-m/libgcc.a(_udivdi3.o)
 .data          0x00000000        0x0 /home/burin/SimplicityStudio_v4/developer/toolchains/gnu_arm/4.9_2015q3/bin/../lib/gcc/arm-none-eabi/4.9.3/armv7-m/libgcc.a(_udivdi3.o)
 .bss           0x00000000        0x0 /home/burin/SimplicityStudio_v4/developer/toolchains/gnu_arm/4.9_2015q3/bin/../lib/gcc/arm-none-eabi/4.9.3/armv7-m/libgcc.a(_udivdi3.o)
 .ARM.extab     0x00000000        0x0 /home/burin/SimplicityStudio_v4/developer/toolchains/gnu_arm/4.9_2015q3/bin/../lib/gcc/arm-none-eabi/4.9.3/armv7-m/libgcc.a(_udivdi3.o)
 .ARM.exidx     0x00000000        0x8 /home/burin/SimplicityStudio_v4/developer/toolchains/gnu_arm/4.9_2015q3/bin/../lib/gcc/arm-none-eabi/4.9.3/armv7-m/libgcc.a(_udivdi3.o)
 .debug_frame   0x00000000       0x34 /home/burin/SimplicityStudio_v4/developer/toolchains/gnu_arm/4.9_2015q3/bin/../lib/gcc/arm-none-eabi/4.9.3/armv7-m/libgcc.a(_udivdi3.o)
 .ARM.attributes
                0x00000000       0x2d /home/burin/SimplicityStudio_v4/developer/toolchains/gnu_arm/4.9_2015q3/bin/../lib/gcc/arm-none-eabi/4.9.3/armv7-m/libgcc.a(_udivdi3.o)
 .text          0x00000000        0x0 /home/burin/SimplicityStudio_v4/developer/toolchains/gnu_arm/4.9_2015q3/bin/../lib/gcc/arm-none-eabi/4.9.3/../../../../arm-none-eabi/lib/armv7-m/libc_nano.a(lib_a-exit.o)
 .data          0x00000000        0x0 /home/burin/SimplicityStudio_v4/developer/toolchains/gnu_arm/4.9_2015q3/bin/../lib/gcc/arm-none-eabi/4.9.3/../../../../arm-none-eabi/lib/armv7-m/libc_nano.a(lib_a-exit.o)
 .bss           0x00000000        0x0 /home/burin/SimplicityStudio_v4/developer/toolchains/gnu_arm/4.9_2015q3/bin/../lib/gcc/arm-none-eabi/4.9.3/../../../../arm-none-eabi/lib/armv7-m/libc_nano.a(lib_a-exit.o)
 .text          0x00000000        0x0 /home/burin/SimplicityStudio_v4/developer/toolchains/gnu_arm/4.9_2015q3/bin/../lib/gcc/arm-none-eabi/4.9.3/../../../../arm-none-eabi/lib/armv7-m/libc_nano.a(lib_a-impure.o)
 .data          0x00000000        0x0 /home/burin/SimplicityStudio_v4/developer/toolchains/gnu_arm/4.9_2015q3/bin/../lib/gcc/arm-none-eabi/4.9.3/../../../../arm-none-eabi/lib/armv7-m/libc_nano.a(lib_a-impure.o)
 .bss           0x00000000        0x0 /home/burin/SimplicityStudio_v4/developer/toolchains/gnu_arm/4.9_2015q3/bin/../lib/gcc/arm-none-eabi/4.9.3/../../../../arm-none-eabi/lib/armv7-m/libc_nano.a(lib_a-impure.o)
 .data._impure_ptr
                0x00000000        0x4 /home/burin/SimplicityStudio_v4/developer/toolchains/gnu_arm/4.9_2015q3/bin/../lib/gcc/arm-none-eabi/4.9.3/../../../../arm-none-eabi/lib/armv7-m/libc_nano.a(lib_a-impure.o)
 .text          0x00000000        0x0 /home/burin/SimplicityStudio_v4/developer/toolchains/gnu_arm/4.9_2015q3/bin/../lib/gcc/arm-none-eabi/4.9.3/../../../../arm-none-eabi/lib/armv7-m/libc_nano.a(lib_a-init.o)
 .data          0x00000000        0x0 /home/burin/SimplicityStudio_v4/developer/toolchains/gnu_arm/4.9_2015q3/bin/../lib/gcc/arm-none-eabi/4.9.3/../../../../arm-none-eabi/lib/armv7-m/libc_nano.a(lib_a-init.o)
 .bss           0x00000000        0x0 /home/burin/SimplicityStudio_v4/developer/toolchains/gnu_arm/4.9_2015q3/bin/../lib/gcc/arm-none-eabi/4.9.3/../../../../arm-none-eabi/lib/armv7-m/libc_nano.a(lib_a-init.o)
 .text          0x00000000        0x0 /home/burin/SimplicityStudio_v4/developer/toolchains/gnu_arm/4.9_2015q3/bin/../lib/gcc/arm-none-eabi/4.9.3/../../../../arm-none-eabi/lib/armv7-m/libc_nano.a(lib_a-memset.o)
 .data          0x00000000        0x0 /home/burin/SimplicityStudio_v4/developer/toolchains/gnu_arm/4.9_2015q3/bin/../lib/gcc/arm-none-eabi/4.9.3/../../../../arm-none-eabi/lib/armv7-m/libc_nano.a(lib_a-memset.o)
 .bss           0x00000000        0x0 /home/burin/SimplicityStudio_v4/developer/toolchains/gnu_arm/4.9_2015q3/bin/../lib/gcc/arm-none-eabi/4.9.3/../../../../arm-none-eabi/lib/armv7-m/libc_nano.a(lib_a-memset.o)
 .text          0x00000000        0x0 /home/burin/SimplicityStudio_v4/developer/toolchains/gnu_arm/4.9_2015q3/bin/../lib/gcc/arm-none-eabi/4.9.3/../../../../arm-none-eabi/lib/armv7-m/libnosys.a(_exit.o)
 .data          0x00000000        0x0 /home/burin/SimplicityStudio_v4/developer/toolchains/gnu_arm/4.9_2015q3/bin/../lib/gcc/arm-none-eabi/4.9.3/../../../../arm-none-eabi/lib/armv7-m/libnosys.a(_exit.o)
 .bss           0x00000000        0x0 /home/burin/SimplicityStudio_v4/developer/toolchains/gnu_arm/4.9_2015q3/bin/../lib/gcc/arm-none-eabi/4.9.3/../../../../arm-none-eabi/lib/armv7-m/libnosys.a(_exit.o)
 .text          0x00000000        0x0 /home/burin/SimplicityStudio_v4/developer/toolchains/gnu_arm/4.9_2015q3/bin/../lib/gcc/arm-none-eabi/4.9.3/armv7-m/crtend.o
 .data          0x00000000        0x0 /home/burin/SimplicityStudio_v4/developer/toolchains/gnu_arm/4.9_2015q3/bin/../lib/gcc/arm-none-eabi/4.9.3/armv7-m/crtend.o
 .bss           0x00000000        0x0 /home/burin/SimplicityStudio_v4/developer/toolchains/gnu_arm/4.9_2015q3/bin/../lib/gcc/arm-none-eabi/4.9.3/armv7-m/crtend.o
 .text          0x00000000        0x0 /home/burin/SimplicityStudio_v4/developer/toolchains/gnu_arm/4.9_2015q3/bin/../lib/gcc/arm-none-eabi/4.9.3/armv7-m/crtn.o
 .data          0x00000000        0x0 /home/burin/SimplicityStudio_v4/developer/toolchains/gnu_arm/4.9_2015q3/bin/../lib/gcc/arm-none-eabi/4.9.3/armv7-m/crtn.o
 .bss           0x00000000        0x0 /home/burin/SimplicityStudio_v4/developer/toolchains/gnu_arm/4.9_2015q3/bin/../lib/gcc/arm-none-eabi/4.9.3/armv7-m/crtn.o

Memory Configuration

Name             Origin             Length             Attributes
FLASH            0x00000000         0x00040000         xr
RAM              0x20000000         0x00008000         xrw
*default*        0x00000000         0xffffffff

Linker script and memory map

LOAD /home/burin/SimplicityStudio_v4/developer/toolchains/gnu_arm/4.9_2015q3/bin/../lib/gcc/arm-none-eabi/4.9.3/armv7-m/crti.o
LOAD /home/burin/SimplicityStudio_v4/developer/toolchains/gnu_arm/4.9_2015q3/bin/../lib/gcc/arm-none-eabi/4.9.3/armv7-m/crtbegin.o
LOAD /home/burin/SimplicityStudio_v4/developer/toolchains/gnu_arm/4.9_2015q3/bin/../lib/gcc/arm-none-eabi/4.9.3/../../../../arm-none-eabi/lib/armv7-m/crt0.o
LOAD ./BSP/bsp_trace.o
LOAD ./CMSIS/EFM32LG/startup_efm32lg.o
LOAD ./CMSIS/EFM32LG/system_efm32lg.o
LOAD ./emlib/em_acmp.o
LOAD ./emlib/em_adc.o
LOAD ./emlib/em_aes.o
LOAD ./emlib/em_assert.o
LOAD ./emlib/em_burtc.o
LOAD ./emlib/em_cmu.o
LOAD ./emlib/em_core.o
LOAD ./emlib/em_cryotimer.o
LOAD ./emlib/em_crypto.o
LOAD ./emlib/em_dac.o
LOAD ./emlib/em_dbg.o
LOAD ./emlib/em_dma.o
LOAD ./emlib/em_ebi.o
LOAD ./emlib/em_emu.o
LOAD ./emlib/em_gpcrc.o
LOAD ./emlib/em_gpio.o
LOAD ./emlib/em_i2c.o
LOAD ./emlib/em_idac.o
LOAD ./emlib/em_int.o
LOAD ./emlib/em_lcd.o
LOAD ./emlib/em_ldma.o
LOAD ./emlib/em_lesense.o
LOAD ./emlib/em_letimer.o
LOAD ./emlib/em_leuart.o
LOAD ./emlib/em_mpu.o
LOAD ./emlib/em_msc.o
LOAD ./emlib/em_opamp.o
LOAD ./emlib/em_pcnt.o
LOAD ./emlib/em_prs.o
LOAD ./emlib/em_rmu.o
LOAD ./emlib/em_rtc.o
LOAD ./emlib/em_rtcc.o
LOAD ./emlib/em_system.o
LOAD ./emlib/em_timer.o
LOAD ./emlib/em_usart.o
LOAD ./emlib/em_vcmp.o
LOAD ./emlib/em_wdog.o
LOAD ./src/letimer.o
LOAD ./src/main.o
LOAD ./src/periph.o
LOAD ./src/sleep.o
START GROUP
LOAD /home/burin/SimplicityStudio_v4/developer/toolchains/gnu_arm/4.9_2015q3/bin/../lib/gcc/arm-none-eabi/4.9.3/armv7-m/libgcc.a
LOAD /home/burin/SimplicityStudio_v4/developer/toolchains/gnu_arm/4.9_2015q3/bin/../lib/gcc/arm-none-eabi/4.9.3/../../../../arm-none-eabi/lib/armv7-m/libc_nano.a
LOAD /home/burin/SimplicityStudio_v4/developer/toolchains/gnu_arm/4.9_2015q3/bin/../lib/gcc/arm-none-eabi/4.9.3/../../../../arm-none-eabi/lib/armv7-m/libnosys.a
END GROUP
START GROUP
LOAD /home/burin/SimplicityStudio_v4/developer/toolchains/gnu_arm/4.9_2015q3/bin/../lib/gcc/arm-none-eabi/4.9.3/armv7-m/libgcc.a
LOAD /home/burin/SimplicityStudio_v4/developer/toolchains/gnu_arm/4.9_2015q3/bin/../lib/gcc/arm-none-eabi/4.9.3/../../../../arm-none-eabi/lib/armv7-m/libg_nano.a
LOAD /home/burin/SimplicityStudio_v4/developer/toolchains/gnu_arm/4.9_2015q3/bin/../lib/gcc/arm-none-eabi/4.9.3/../../../../arm-none-eabi/lib/armv7-m/libc_nano.a
END GROUP
START GROUP
LOAD /home/burin/SimplicityStudio_v4/developer/toolchains/gnu_arm/4.9_2015q3/bin/../lib/gcc/arm-none-eabi/4.9.3/armv7-m/libgcc.a
LOAD /home/burin/SimplicityStudio_v4/developer/toolchains/gnu_arm/4.9_2015q3/bin/../lib/gcc/arm-none-eabi/4.9.3/../../../../arm-none-eabi/lib/armv7-m/libc_nano.a
END GROUP
LOAD /home/burin/SimplicityStudio_v4/developer/toolchains/gnu_arm/4.9_2015q3/bin/../lib/gcc/arm-none-eabi/4.9.3/armv7-m/crtend.o
LOAD /home/burin/SimplicityStudio_v4/developer/toolchains/gnu_arm/4.9_2015q3/bin/../lib/gcc/arm-none-eabi/4.9.3/armv7-m/crtn.o

.text           0x00000000     0x1d14
 *(.vectors)
 .vectors       0x00000000       0xe0 ./CMSIS/EFM32LG/startup_efm32lg.o
                0x00000000                __Vectors
                0x000000e0                __Vectors_End = .
                0x000000e0                __Vectors_Size = (__Vectors_End - __Vectors)
                0x000000e0                __end__ = .
 *(.text*)
 .text          0x000000e0       0x5c /home/burin/SimplicityStudio_v4/developer/toolchains/gnu_arm/4.9_2015q3/bin/../lib/gcc/arm-none-eabi/4.9.3/armv7-m/crtbegin.o
 .text          0x0000013c       0x74 /home/burin/SimplicityStudio_v4/developer/toolchains/gnu_arm/4.9_2015q3/bin/../lib/gcc/arm-none-eabi/4.9.3/../../../../arm-none-eabi/lib/armv7-m/crt0.o
                0x0000013c                _mainCRTStartup
                0x0000013c                _start
 .text.BSP_TraceSwoSetup
                0x000001b0      0x114 ./BSP/bsp_trace.o
                0x000001b0                BSP_TraceSwoSetup
 .text.BSP_TraceProfilerSetup
                0x000002c4       0x28 ./BSP/bsp_trace.o
                0x000002c4                BSP_TraceProfilerSetup
 .text          0x000002ec       0x30 ./CMSIS/EFM32LG/startup_efm32lg.o
                0x000002ec                Reset_Handler
                0x00000318                TIMER2_IRQHandler
                0x00000318                DebugMon_Handler
                0x00000318                USART0_TX_IRQHandler
                0x00000318                I2C0_IRQHandler
                0x00000318                HardFault_Handler
                0x00000318                LEUART1_IRQHandler
                0x00000318                SysTick_Handler
                0x00000318                USART1_RX_IRQHandler
                0x00000318                PendSV_Handler
                0x00000318                NMI_Handler
                0x00000318                I2C1_IRQHandler
                0x00000318                TIMER3_IRQHandler
                0x00000318                USART1_TX_IRQHandler
                0x00000318                MSC_IRQHandler
                0x00000318                ADC0_IRQHandler
                0x00000318                UsageFault_Handler
                0x00000318                LEUART0_IRQHandler
                0x00000318                GPIO_EVEN_IRQHandler
                0x00000318                UART0_TX_IRQHandler
                0x00000318                UART1_TX_IRQHandler
                0x00000318                RTC_IRQHandler
                0x00000318                TIMER0_IRQHandler
                0x00000318                LCD_IRQHandler
                0x00000318                PCNT2_IRQHandler
                0x00000318                UART0_RX_IRQHandler
                0x00000318                TIMER1_IRQHandler
                0x00000318                USART2_RX_IRQHandler
                0x00000318                Default_Handler
                0x00000318                EMU_IRQHandler
                0x00000318                PCNT0_IRQHandler
                0x00000318                USB_IRQHandler
                0x00000318                BURTC_IRQHandler
                0x00000318                PCNT1_IRQHandler
                0x00000318                ACMP0_IRQHandler
                0x00000318                USART0_RX_IRQHandler
                0x00000318                MemManage_Handler
                0x00000318                SVC_Handler
                0x00000318                DAC0_IRQHandler
                0x00000318                UART1_RX_IRQHandler
                0x00000318                CMU_IRQHandler
                0x00000318                EBI_IRQHandler
                0x00000318                LESENSE_IRQHandler
                0x00000318                GPIO_ODD_IRQHandler
                0x00000318                AES_IRQHandler
                0x00000318                VCMP_IRQHandler
                0x00000318                BusFault_Handler
                0x00000318                USART2_TX_IRQHandler
 .text.GetProdRev
                0x0000031c       0x1c ./CMSIS/EFM32LG/system_efm32lg.o
 .text.SystemCoreClockGet
                0x00000338       0x34 ./CMSIS/EFM32LG/system_efm32lg.o
                0x00000338                SystemCoreClockGet
 .text.SystemMaxCoreClockGet
                0x0000036c       0x14 ./CMSIS/EFM32LG/system_efm32lg.o
                0x0000036c                SystemMaxCoreClockGet
 .text.SystemHFClockGet
                0x00000380      0x100 ./CMSIS/EFM32LG/system_efm32lg.o
                0x00000380                SystemHFClockGet
 .text.SystemHFXOClockGet
                0x00000480       0x18 ./CMSIS/EFM32LG/system_efm32lg.o
                0x00000480                SystemHFXOClockGet
 .text.SystemInit
                0x00000498        0xc ./CMSIS/EFM32LG/system_efm32lg.o
                0x00000498                SystemInit
 .text.SystemLFRCOClockGet
                0x000004a4       0x14 ./CMSIS/EFM32LG/system_efm32lg.o
                0x000004a4                SystemLFRCOClockGet
 .text.SystemULFRCOClockGet
                0x000004b8       0x14 ./CMSIS/EFM32LG/system_efm32lg.o
                0x000004b8                SystemULFRCOClockGet
 .text.SystemLFXOClockGet
                0x000004cc       0x18 ./CMSIS/EFM32LG/system_efm32lg.o
                0x000004cc                SystemLFXOClockGet
 .text.BUS_RegBitWrite
                0x000004e4       0x2c ./emlib/em_cmu.o
 .text.BUS_RegBitRead
                0x00000510       0x2c ./emlib/em_cmu.o
 .text.CMU_DivToLog2
                0x0000053c       0x34 ./emlib/em_cmu.o
 .text.SYSTEM_GetProdRev
                0x00000570       0x1c ./emlib/em_cmu.o
 .text.SYSTEM_GetFamily
                0x0000058c       0x20 ./emlib/em_cmu.o
 .text.maxFreqHfle
                0x000005ac       0x78 ./emlib/em_cmu.o
 .text.setHfLeConfig
                0x00000624       0x3c ./emlib/em_cmu.o
 .text.getHfLeConfig
                0x00000660       0x2c ./emlib/em_cmu.o
 .text.auxClkGet
                0x0000068c       0xb0 ./emlib/em_cmu.o
 .text.dbgClkGet
                0x0000073c       0x40 ./emlib/em_cmu.o
 .text.flashWaitStateControl
                0x0000077c       0xb8 ./emlib/em_cmu.o
 .text.flashWaitStateMax
                0x00000834       0x14 ./emlib/em_cmu.o
 .text.lfClkGet
                0x00000848       0xec ./emlib/em_cmu.o
 .text.syncReg  0x00000934       0x34 ./emlib/em_cmu.o
 .text.usbCClkGet
                0x00000968       0x4c ./emlib/em_cmu.o
 .text.CMU_ClockEnable
                0x000009b4       0xd8 ./emlib/em_cmu.o
                0x000009b4                CMU_ClockEnable
 .text.CMU_ClockFreqGet
                0x00000a8c      0x1d8 ./emlib/em_cmu.o
                0x00000a8c                CMU_ClockFreqGet
 .text.CMU_ClockSelectGet
                0x00000c64      0x15c ./emlib/em_cmu.o
                0x00000c64                CMU_ClockSelectGet
 .text.CMU_ClockSelectSet
                0x00000dc0      0x2b8 ./emlib/em_cmu.o
                0x00000dc0                CMU_ClockSelectSet
 .text.CMU_OscillatorEnable
                0x00001078       0xc0 ./emlib/em_cmu.o
                0x00001078                CMU_OscillatorEnable
 .text.CORE_CriticalDisableIrq
                0x00001138       0x10 ./emlib/em_core.o
                0x00001138                CORE_CriticalDisableIrq
 .text.CORE_CriticalEnableIrq
                0x00001148       0x10 ./emlib/em_core.o
                0x00001148                CORE_CriticalEnableIrq
 .text.DMA_IRQHandler
                0x00001158       0xd8 ./emlib/em_dma.o
                0x00001158                DMA_IRQHandler
 .text.SystemCoreClockUpdate
                0x00001230        0xc ./emlib/em_emu.o
 .text.CMU_Lock
                0x0000123c       0x18 ./emlib/em_emu.o
 .text.CMU_Unlock
                0x00001254       0x1c ./emlib/em_emu.o
 .text.emuRestore
                0x00001270       0xf0 ./emlib/em_emu.o
 .text.getErrataFixEmuE107En
                0x00001360       0x64 ./emlib/em_emu.o
 .text.EMU_EnterEM2
                0x000013c4       0x9c ./emlib/em_emu.o
                0x000013c4                EMU_EnterEM2
 .text.EMU_EnterEM3
                0x00001460       0xbc ./emlib/em_emu.o
                0x00001460                EMU_EnterEM3
 .text.EMU_UpdateOscConfig
                0x0000151c       0x1c ./emlib/em_emu.o
                0x0000151c                EMU_UpdateOscConfig
 .text.GPIO_PinOutClear
                0x00001538       0x58 ./emlib/em_gpio.o
 .text.GPIO_PinOutSet
                0x00001590       0x58 ./emlib/em_gpio.o
 .text.GPIO_PinModeSet
                0x000015e8      0x10c ./emlib/em_gpio.o
                0x000015e8                GPIO_PinModeSet
 .text.LETIMER_CompareSet
                0x000016f4       0x58 ./emlib/em_letimer.o
                0x000016f4                LETIMER_CompareSet
 .text.LETIMER_Init
                0x0000174c       0xf0 ./emlib/em_letimer.o
                0x0000174c                LETIMER_Init
 .text.SYSTEM_ChipRevisionGet
                0x0000183c       0x74 ./emlib/em_system.o
                0x0000183c                SYSTEM_ChipRevisionGet
 .text.NVIC_EnableIRQ
                0x000018b0       0x30 ./src/letimer.o
 .text.GPIO_PinOutClear
                0x000018e0       0x58 ./src/letimer.o
 .text.GPIO_PinOutSet
                0x00001938       0x58 ./src/letimer.o
 .text.LETIMER_IntClear
                0x00001990       0x1c ./src/letimer.o
 .text.LETIMER_IntGet
                0x000019ac       0x18 ./src/letimer.o
 .text.LETIMER0_setup
                0x000019c4       0xbc ./src/letimer.o
                0x000019c4                LETIMER0_setup
 .text.LETIMER0_IRQHandler
                0x00001a80       0x58 ./src/letimer.o
                0x00001a80                LETIMER0_IRQHandler
 .text.GPIO_PinOutSet
                0x00001ad8       0x58 ./src/main.o
 .text.CHIP_Init
                0x00001b30       0x40 ./src/main.o
 .text.main     0x00001b70       0x28 ./src/main.o
                0x00001b70                main
 .text.CMU_setup
                0x00001b98        0xc ./src/periph.o
                0x00001b98                CMU_setup
 .text.LED0_setup
                0x00001ba4       0x2c ./src/periph.o
                0x00001ba4                LED0_setup
 .text.EMU_EnterEM1
                0x00001bd0       0x20 ./src/sleep.o
 .text.sleep    0x00001bf0       0x4c ./src/sleep.o
                0x00001bf0                sleep
 .text.blockSleepMode
                0x00001c3c       0x2c ./src/sleep.o
                0x00001c3c                blockSleepMode
 .text.exit     0x00001c68       0x28 /home/burin/SimplicityStudio_v4/developer/toolchains/gnu_arm/4.9_2015q3/bin/../lib/gcc/arm-none-eabi/4.9.3/../../../../arm-none-eabi/lib/armv7-m/libc_nano.a(lib_a-exit.o)
                0x00001c68                exit
 .text.__libc_init_array
                0x00001c90       0x4c /home/burin/SimplicityStudio_v4/developer/toolchains/gnu_arm/4.9_2015q3/bin/../lib/gcc/arm-none-eabi/4.9.3/../../../../arm-none-eabi/lib/armv7-m/libc_nano.a(lib_a-init.o)
                0x00001c90                __libc_init_array
 .text.memset   0x00001cdc       0x10 /home/burin/SimplicityStudio_v4/developer/toolchains/gnu_arm/4.9_2015q3/bin/../lib/gcc/arm-none-eabi/4.9.3/../../../../arm-none-eabi/lib/armv7-m/libc_nano.a(lib_a-memset.o)
                0x00001cdc                memset
 .text._exit    0x00001cec        0x4 /home/burin/SimplicityStudio_v4/developer/toolchains/gnu_arm/4.9_2015q3/bin/../lib/gcc/arm-none-eabi/4.9.3/../../../../arm-none-eabi/lib/armv7-m/libnosys.a(_exit.o)
                0x00001cec                _exit
 *(.init)
 .init          0x00001cf0        0x4 /home/burin/SimplicityStudio_v4/developer/toolchains/gnu_arm/4.9_2015q3/bin/../lib/gcc/arm-none-eabi/4.9.3/armv7-m/crti.o
                0x00001cf0                _init
 .init          0x00001cf4        0x8 /home/burin/SimplicityStudio_v4/developer/toolchains/gnu_arm/4.9_2015q3/bin/../lib/gcc/arm-none-eabi/4.9.3/armv7-m/crtn.o
 *(.fini)
 .fini          0x00001cfc        0x4 /home/burin/SimplicityStudio_v4/developer/toolchains/gnu_arm/4.9_2015q3/bin/../lib/gcc/arm-none-eabi/4.9.3/armv7-m/crti.o
                0x00001cfc                _fini
 .fini          0x00001d00        0x8 /home/burin/SimplicityStudio_v4/developer/toolchains/gnu_arm/4.9_2015q3/bin/../lib/gcc/arm-none-eabi/4.9.3/armv7-m/crtn.o
 *crtbegin.o(.ctors)
 *crtbegin?.o(.ctors)
 *(EXCLUDE_FILE(*crtend.o *crtend?.o) .ctors)
 *(SORT(.ctors.*))
 *(.ctors)
 *crtbegin.o(.dtors)
 *crtbegin?.o(.dtors)
 *(EXCLUDE_FILE(*crtend.o *crtend?.o) .dtors)
 *(SORT(.dtors.*))
 *(.dtors)
 *(.rodata*)
 .rodata.str1.1
                0x00001d08        0x2 /home/burin/SimplicityStudio_v4/developer/toolchains/gnu_arm/4.9_2015q3/bin/../lib/gcc/arm-none-eabi/4.9.3/../../../../arm-none-eabi/lib/armv7-m/libc_nano.a(lib_a-impure.o)
 *fill*         0x00001d0a        0x2 
 .rodata._global_impure_ptr
                0x00001d0c        0x4 /home/burin/SimplicityStudio_v4/developer/toolchains/gnu_arm/4.9_2015q3/bin/../lib/gcc/arm-none-eabi/4.9.3/../../../../arm-none-eabi/lib/armv7-m/libc_nano.a(lib_a-impure.o)
                0x00001d0c                _global_impure_ptr
 *(.eh_frame*)
 .eh_frame      0x00001d10        0x0 /home/burin/SimplicityStudio_v4/developer/toolchains/gnu_arm/4.9_2015q3/bin/../lib/gcc/arm-none-eabi/4.9.3/armv7-m/crtbegin.o
 .eh_frame      0x00001d10        0x4 /home/burin/SimplicityStudio_v4/developer/toolchains/gnu_arm/4.9_2015q3/bin/../lib/gcc/arm-none-eabi/4.9.3/armv7-m/crtend.o

.glue_7         0x00001d14        0x0
 .glue_7        0x00000000        0x0 linker stubs

.glue_7t        0x00001d14        0x0
 .glue_7t       0x00000000        0x0 linker stubs

.vfp11_veneer   0x00001d14        0x0
 .vfp11_veneer  0x00000000        0x0 linker stubs

.v4_bx          0x00001d14        0x0
 .v4_bx         0x00000000        0x0 linker stubs

.iplt           0x00001d14        0x0
 .iplt          0x00000000        0x0 /home/burin/SimplicityStudio_v4/developer/toolchains/gnu_arm/4.9_2015q3/bin/../lib/gcc/arm-none-eabi/4.9.3/armv7-m/crtbegin.o

.ARM.extab
 *(.ARM.extab* .gnu.linkonce.armextab.*)
                0x00001d14                __exidx_start = .

.ARM.exidx      0x00001d14        0x8
 *(.ARM.exidx* .gnu.linkonce.armexidx.*)
 .ARM.exidx     0x00001d14        0x8 /home/burin/SimplicityStudio_v4/developer/toolchains/gnu_arm/4.9_2015q3/bin/../lib/gcc/arm-none-eabi/4.9.3/../../../../arm-none-eabi/lib/armv7-m/crt0.o
                0x00001d1c                __exidx_end = .
                0x00001d1c                __etext = .

.rel.dyn        0x00001d1c        0x0
 .rel.iplt      0x00000000        0x0 /home/burin/SimplicityStudio_v4/developer/toolchains/gnu_arm/4.9_2015q3/bin/../lib/gcc/arm-none-eabi/4.9.3/armv7-m/crtbegin.o

.data           0x20000000       0x74 load address 0x00001d1c
                0x20000000                __data_start__ = .
 *(vtable)
 *(.data*)
 .data.SystemHFXOClock
                0x20000000        0x4 ./CMSIS/EFM32LG/system_efm32lg.o
 .data.SystemLFXOClock
                0x20000004        0x4 ./CMSIS/EFM32LG/system_efm32lg.o
 .data.impure_data
                0x20000008       0x60 /home/burin/SimplicityStudio_v4/developer/toolchains/gnu_arm/4.9_2015q3/bin/../lib/gcc/arm-none-eabi/4.9.3/../../../../arm-none-eabi/lib/armv7-m/libc_nano.a(lib_a-impure.o)
                0x20000068                . = ALIGN (0x4)
 *(.ram)
                0x20000068                . = ALIGN (0x4)
                0x20000068                PROVIDE (__preinit_array_start, .)
 *(.preinit_array)
                0x20000068                PROVIDE (__preinit_array_end, .)
                0x20000068                . = ALIGN (0x4)
                0x20000068                PROVIDE (__init_array_start, .)
 *(SORT(.init_array.*))
 *(.init_array)
 .init_array    0x20000068        0x4 /home/burin/SimplicityStudio_v4/developer/toolchains/gnu_arm/4.9_2015q3/bin/../lib/gcc/arm-none-eabi/4.9.3/armv7-m/crtbegin.o
                0x2000006c                PROVIDE (__init_array_end, .)
                0x2000006c                . = ALIGN (0x4)
                0x2000006c                PROVIDE (__fini_array_start, .)
 *(SORT(.fini_array.*))
 *(.fini_array)
 .fini_array    0x2000006c        0x4 /home/burin/SimplicityStudio_v4/developer/toolchains/gnu_arm/4.9_2015q3/bin/../lib/gcc/arm-none-eabi/4.9.3/armv7-m/crtbegin.o
                0x20000070                PROVIDE (__fini_array_end, .)
 *(.jcr*)
 .jcr           0x20000070        0x0 /home/burin/SimplicityStudio_v4/developer/toolchains/gnu_arm/4.9_2015q3/bin/../lib/gcc/arm-none-eabi/4.9.3/armv7-m/crtbegin.o
 .jcr           0x20000070        0x4 /home/burin/SimplicityStudio_v4/developer/toolchains/gnu_arm/4.9_2015q3/bin/../lib/gcc/arm-none-eabi/4.9.3/armv7-m/crtend.o
                0x20000074                . = ALIGN (0x4)
                0x20000074                __data_end__ = .

.igot.plt       0x20000074        0x0 load address 0x00001d90
 .igot.plt      0x00000000        0x0 /home/burin/SimplicityStudio_v4/developer/toolchains/gnu_arm/4.9_2015q3/bin/../lib/gcc/arm-none-eabi/4.9.3/armv7-m/crtbegin.o

.bss            0x20000074       0x2c load address 0x00001d90
                0x20000074                . = ALIGN (0x4)
                0x20000074                __bss_start__ = .
 *(.bss*)
 .bss           0x20000074       0x1c /home/burin/SimplicityStudio_v4/developer/toolchains/gnu_arm/4.9_2015q3/bin/../lib/gcc/arm-none-eabi/4.9.3/armv7-m/crtbegin.o
 .bss.cmuStatus
                0x20000090        0x4 ./emlib/em_emu.o
 *(COMMON)
 COMMON         0x20000094        0x4 ./CMSIS/EFM32LG/system_efm32lg.o
                0x20000094                SystemCoreClock
 COMMON         0x20000098        0x5 ./src/sleep.o
                0x20000098                sleep_block_counter
                0x200000a0                . = ALIGN (0x4)
 *fill*         0x2000009d        0x3 
                0x200000a0                __bss_end__ = .

.heap           0x200000a0      0xc00
                0x200000a0                __HeapBase = .
                0x200000a0                __end__ = .
                0x200000a0                end = __end__
                0x200000a0                _end = __end__
 *(.heap*)
 .heap          0x200000a0      0xc00 ./CMSIS/EFM32LG/startup_efm32lg.o
                0x20000ca0                __HeapLimit = .

.stack_dummy    0x200000a0      0x400
 *(.stack*)
 .stack         0x200000a0      0x400 ./CMSIS/EFM32LG/startup_efm32lg.o
                0x20008000                __StackTop = (ORIGIN (RAM) + 0x8000)
                0x20007c00                __StackLimit = (__StackTop - SIZEOF (.stack_dummy))
                0x20008000                PROVIDE (__stack, __StackTop)
                0x00000001                ASSERT ((__StackLimit >= __HeapLimit), region RAM overflowed with stack)
                0x00000001                ASSERT ((0x40000 >= (__etext + SIZEOF (.data))), FLASH memory overflowed !)
OUTPUT(EnergyModes.axf elf32-littlearm)

.ARM.attributes
                0x00000000       0x29
 .ARM.attributes
                0x00000000       0x1d /home/burin/SimplicityStudio_v4/developer/toolchains/gnu_arm/4.9_2015q3/bin/../lib/gcc/arm-none-eabi/4.9.3/armv7-m/crti.o
 .ARM.attributes
                0x0000001d       0x2d /home/burin/SimplicityStudio_v4/developer/toolchains/gnu_arm/4.9_2015q3/bin/../lib/gcc/arm-none-eabi/4.9.3/armv7-m/crtbegin.o
 .ARM.attributes
                0x0000004a       0x1b /home/burin/SimplicityStudio_v4/developer/toolchains/gnu_arm/4.9_2015q3/bin/../lib/gcc/arm-none-eabi/4.9.3/../../../../arm-none-eabi/lib/armv7-m/crt0.o
 .ARM.attributes
                0x00000065       0x33 ./BSP/bsp_trace.o
 .ARM.attributes
                0x00000098       0x1b ./CMSIS/EFM32LG/startup_efm32lg.o
 .ARM.attributes
                0x000000b3       0x33 ./CMSIS/EFM32LG/system_efm32lg.o
 .ARM.attributes
                0x000000e6       0x33 ./emlib/em_cmu.o
 .ARM.attributes
                0x00000119       0x33 ./emlib/em_core.o
 .ARM.attributes
                0x0000014c       0x33 ./emlib/em_dma.o
 .ARM.attributes
                0x0000017f       0x33 ./emlib/em_emu.o
 .ARM.attributes
                0x000001b2       0x33 ./emlib/em_gpio.o
 .ARM.attributes
                0x000001e5       0x33 ./emlib/em_letimer.o
 .ARM.attributes
                0x00000218       0x33 ./emlib/em_system.o
 .ARM.attributes
                0x0000024b       0x33 ./src/letimer.o
 .ARM.attributes
                0x0000027e       0x33 ./src/main.o
 .ARM.attributes
                0x000002b1       0x33 ./src/periph.o
 .ARM.attributes
                0x000002e4       0x33 ./src/sleep.o
 .ARM.attributes
                0x00000317       0x2d /home/burin/SimplicityStudio_v4/developer/toolchains/gnu_arm/4.9_2015q3/bin/../lib/gcc/arm-none-eabi/4.9.3/../../../../arm-none-eabi/lib/armv7-m/libc_nano.a(lib_a-exit.o)
 .ARM.attributes
                0x00000344       0x2d /home/burin/SimplicityStudio_v4/developer/toolchains/gnu_arm/4.9_2015q3/bin/../lib/gcc/arm-none-eabi/4.9.3/../../../../arm-none-eabi/lib/armv7-m/libc_nano.a(lib_a-impure.o)
 .ARM.attributes
                0x00000371       0x2d /home/burin/SimplicityStudio_v4/developer/toolchains/gnu_arm/4.9_2015q3/bin/../lib/gcc/arm-none-eabi/4.9.3/../../../../arm-none-eabi/lib/armv7-m/libc_nano.a(lib_a-init.o)
 .ARM.attributes
                0x0000039e       0x2d /home/burin/SimplicityStudio_v4/developer/toolchains/gnu_arm/4.9_2015q3/bin/../lib/gcc/arm-none-eabi/4.9.3/../../../../arm-none-eabi/lib/armv7-m/libc_nano.a(lib_a-memset.o)
 .ARM.attributes
                0x000003cb       0x2d /home/burin/SimplicityStudio_v4/developer/toolchains/gnu_arm/4.9_2015q3/bin/../lib/gcc/arm-none-eabi/4.9.3/../../../../arm-none-eabi/lib/armv7-m/libnosys.a(_exit.o)
 .ARM.attributes
                0x000003f8       0x2d /home/burin/SimplicityStudio_v4/developer/toolchains/gnu_arm/4.9_2015q3/bin/../lib/gcc/arm-none-eabi/4.9.3/armv7-m/crtend.o
 .ARM.attributes
                0x00000425       0x1d /home/burin/SimplicityStudio_v4/developer/toolchains/gnu_arm/4.9_2015q3/bin/../lib/gcc/arm-none-eabi/4.9.3/armv7-m/crtn.o

.comment        0x00000000       0x70
 .comment       0x00000000       0x70 ./BSP/bsp_trace.o
                                 0x71 (size before relaxing)
 .comment       0x00000000       0x71 ./CMSIS/EFM32LG/system_efm32lg.o
 .comment       0x00000000       0x71 ./emlib/em_cmu.o
 .comment       0x00000000       0x71 ./emlib/em_core.o
 .comment       0x00000000       0x71 ./emlib/em_dma.o
 .comment       0x00000000       0x71 ./emlib/em_emu.o
 .comment       0x00000000       0x71 ./emlib/em_gpio.o
 .comment       0x00000000       0x71 ./emlib/em_letimer.o
 .comment       0x00000000       0x71 ./emlib/em_system.o
 .comment       0x00000000       0x71 ./src/letimer.o
 .comment       0x00000000       0x71 ./src/main.o
 .comment       0x00000000       0x71 ./src/periph.o
 .comment       0x00000000       0x71 ./src/sleep.o

.debug_info     0x00000000     0x76f0
 .debug_info    0x00000000      0xc90 ./BSP/bsp_trace.o
 .debug_info    0x00000c90       0xc8 ./CMSIS/EFM32LG/startup_efm32lg.o
 .debug_info    0x00000d58      0x57e ./CMSIS/EFM32LG/system_efm32lg.o
 .debug_info    0x000012d6     0x13b9 ./emlib/em_cmu.o
 .debug_info    0x0000268f      0xcfa ./emlib/em_core.o
 .debug_info    0x00003389     0x12e9 ./emlib/em_dma.o
 .debug_info    0x00004672      0xdae ./emlib/em_emu.o
 .debug_info    0x00005420      0x65a ./emlib/em_gpio.o
 .debug_info    0x00005a7a      0x51f ./emlib/em_letimer.o
 .debug_info    0x00005f99      0x269 ./emlib/em_system.o
 .debug_info    0x00006202      0xace ./src/letimer.o
 .debug_info    0x00006cd0      0x3db ./src/main.o
 .debug_info    0x000070ab      0x2c0 ./src/periph.o
 .debug_info    0x0000736b      0x385 ./src/sleep.o

.debug_abbrev   0x00000000     0x1627
 .debug_abbrev  0x00000000      0x17b ./BSP/bsp_trace.o
 .debug_abbrev  0x0000017b       0x14 ./CMSIS/EFM32LG/startup_efm32lg.o
 .debug_abbrev  0x0000018f      0x16b ./CMSIS/EFM32LG/system_efm32lg.o
 .debug_abbrev  0x000002fa      0x2de ./emlib/em_cmu.o
 .debug_abbrev  0x000005d8      0x237 ./emlib/em_core.o
 .debug_abbrev  0x0000080f      0x23b ./emlib/em_dma.o
 .debug_abbrev  0x00000a4a      0x252 ./emlib/em_emu.o
 .debug_abbrev  0x00000c9c      0x1cd ./emlib/em_gpio.o
 .debug_abbrev  0x00000e69      0x1a1 ./emlib/em_letimer.o
 .debug_abbrev  0x0000100a       0xde ./emlib/em_system.o
 .debug_abbrev  0x000010e8      0x1dd ./src/letimer.o
 .debug_abbrev  0x000012c5      0x17d ./src/main.o
 .debug_abbrev  0x00001442       0x9e ./src/periph.o
 .debug_abbrev  0x000014e0      0x147 ./src/sleep.o

.debug_loc      0x00000000     0x3284
 .debug_loc     0x00000000       0xa0 ./BSP/bsp_trace.o
 .debug_loc     0x000000a0      0x31c ./CMSIS/EFM32LG/system_efm32lg.o
 .debug_loc     0x000003bc      0xd50 ./emlib/em_cmu.o
 .debug_loc     0x0000110c      0x88c ./emlib/em_core.o
 .debug_loc     0x00001998      0x72c ./emlib/em_dma.o
 .debug_loc     0x000020c4      0x5a0 ./emlib/em_emu.o
 .debug_loc     0x00002664      0x3d0 ./emlib/em_gpio.o
 .debug_loc     0x00002a34      0x2d4 ./emlib/em_letimer.o
 .debug_loc     0x00002d08       0xb8 ./emlib/em_system.o
 .debug_loc     0x00002dc0      0x26c ./src/letimer.o
 .debug_loc     0x0000302c       0xd8 ./src/main.o
 .debug_loc     0x00003104       0x70 ./src/periph.o
 .debug_loc     0x00003174      0x110 ./src/sleep.o

.debug_aranges  0x00000000      0x640
 .debug_aranges
                0x00000000       0x28 ./BSP/bsp_trace.o
 .debug_aranges
                0x00000028       0x20 ./CMSIS/EFM32LG/startup_efm32lg.o
 .debug_aranges
                0x00000048       0x70 ./CMSIS/EFM32LG/system_efm32lg.o
 .debug_aranges
                0x000000b8      0x168 ./emlib/em_cmu.o
 .debug_aranges
                0x00000220       0xe8 ./emlib/em_core.o
 .debug_aranges
                0x00000308       0xc0 ./emlib/em_dma.o
 .debug_aranges
                0x000003c8       0xa8 ./emlib/em_emu.o
 .debug_aranges
                0x00000470       0x70 ./emlib/em_gpio.o
 .debug_aranges
                0x000004e0       0x58 ./emlib/em_letimer.o
 .debug_aranges
                0x00000538       0x28 ./emlib/em_system.o
 .debug_aranges
                0x00000560       0x50 ./src/letimer.o
 .debug_aranges
                0x000005b0       0x30 ./src/main.o
 .debug_aranges
                0x000005e0       0x28 ./src/periph.o
 .debug_aranges
                0x00000608       0x38 ./src/sleep.o

.debug_ranges   0x00000000      0x550
 .debug_ranges  0x00000000       0x18 ./BSP/bsp_trace.o
 .debug_ranges  0x00000018       0x60 ./CMSIS/EFM32LG/system_efm32lg.o
 .debug_ranges  0x00000078      0x158 ./emlib/em_cmu.o
 .debug_ranges  0x000001d0       0xd8 ./emlib/em_core.o
 .debug_ranges  0x000002a8       0xb0 ./emlib/em_dma.o
 .debug_ranges  0x00000358       0x98 ./emlib/em_emu.o
 .debug_ranges  0x000003f0       0x60 ./emlib/em_gpio.o
 .debug_ranges  0x00000450       0x48 ./emlib/em_letimer.o
 .debug_ranges  0x00000498       0x18 ./emlib/em_system.o
 .debug_ranges  0x000004b0       0x40 ./src/letimer.o
 .debug_ranges  0x000004f0       0x20 ./src/main.o
 .debug_ranges  0x00000510       0x18 ./src/periph.o
 .debug_ranges  0x00000528       0x28 ./src/sleep.o

.debug_line     0x00000000     0x3226
 .debug_line    0x00000000      0x269 ./BSP/bsp_trace.o
 .debug_line    0x00000269       0xa1 ./CMSIS/EFM32LG/startup_efm32lg.o
 .debug_line    0x0000030a      0x2ef ./CMSIS/EFM32LG/system_efm32lg.o
 .debug_line    0x000005f9      0x997 ./emlib/em_cmu.o
 .debug_line    0x00000f90      0x574 ./emlib/em_core.o
 .debug_line    0x00001504      0x507 ./emlib/em_dma.o
 .debug_line    0x00001a0b      0x4ce ./emlib/em_emu.o
 .debug_line    0x00001ed9      0x3f2 ./emlib/em_gpio.o
 .debug_line    0x000022cb      0x328 ./emlib/em_letimer.o
 .debug_line    0x000025f3      0x245 ./emlib/em_system.o
 .debug_line    0x00002838      0x34c ./src/letimer.o
 .debug_line    0x00002b84      0x2a5 ./src/main.o
 .debug_line    0x00002e29      0x1d5 ./src/periph.o
 .debug_line    0x00002ffe      0x228 ./src/sleep.o

.debug_str      0x00000000     0x2b54
 .debug_str     0x00000000      0x756 ./BSP/bsp_trace.o
                                0x7c7 (size before relaxing)
 .debug_str     0x00000756      0x1be ./CMSIS/EFM32LG/system_efm32lg.o
                                0x497 (size before relaxing)
 .debug_str     0x00000914      0x9a3 ./emlib/em_cmu.o
                                0xf9b (size before relaxing)
 .debug_str     0x000012b7      0x61d ./emlib/em_core.o
                                0x81e (size before relaxing)
 .debug_str     0x000018d4      0x66f ./emlib/em_dma.o
                                0xda1 (size before relaxing)
 .debug_str     0x00001f43      0x44a ./emlib/em_emu.o
                                0x82b (size before relaxing)
 .debug_str     0x0000238d      0x342 ./emlib/em_gpio.o
                                0x5ce (size before relaxing)
 .debug_str     0x000026cf      0x227 ./emlib/em_letimer.o
                                0x41a (size before relaxing)
 .debug_str     0x000028f6       0xcb ./emlib/em_system.o
                                0x2b2 (size before relaxing)
 .debug_str     0x000029c1       0x94 ./src/letimer.o
                                0xb01 (size before relaxing)
 .debug_str     0x00002a55       0x49 ./src/main.o
                                0x344 (size before relaxing)
 .debug_str     0x00002a9e       0x43 ./src/periph.o
                                0x5bc (size before relaxing)
 .debug_str     0x00002ae1       0x73 ./src/sleep.o
                                0x29c (size before relaxing)

.debug_frame    0x00000000     0x1838
 .debug_frame   0x00000000       0x58 ./BSP/bsp_trace.o
 .debug_frame   0x00000058      0x180 ./CMSIS/EFM32LG/system_efm32lg.o
 .debug_frame   0x000001d8      0x630 ./emlib/em_cmu.o
 .debug_frame   0x00000808      0x3dc ./emlib/em_core.o
 .debug_frame   0x00000be4      0x340 ./emlib/em_dma.o
 .debug_frame   0x00000f24      0x29c ./emlib/em_emu.o
 .debug_frame   0x000011c0      0x1c0 ./emlib/em_gpio.o
 .debug_frame   0x00001380      0x14c ./emlib/em_letimer.o
 .debug_frame   0x000014cc       0x60 ./emlib/em_system.o
 .debug_frame   0x0000152c      0x120 ./src/letimer.o
 .debug_frame   0x0000164c       0x78 ./src/main.o
 .debug_frame   0x000016c4       0x4c ./src/periph.o
 .debug_frame   0x00001710       0x94 ./src/sleep.o
 .debug_frame   0x000017a4       0x28 /home/burin/SimplicityStudio_v4/developer/toolchains/gnu_arm/4.9_2015q3/bin/../lib/gcc/arm-none-eabi/4.9.3/../../../../arm-none-eabi/lib/armv7-m/libc_nano.a(lib_a-exit.o)
 .debug_frame   0x000017cc       0x2c /home/burin/SimplicityStudio_v4/developer/toolchains/gnu_arm/4.9_2015q3/bin/../lib/gcc/arm-none-eabi/4.9.3/../../../../arm-none-eabi/lib/armv7-m/libc_nano.a(lib_a-init.o)
 .debug_frame   0x000017f8       0x20 /home/burin/SimplicityStudio_v4/developer/toolchains/gnu_arm/4.9_2015q3/bin/../lib/gcc/arm-none-eabi/4.9.3/../../../../arm-none-eabi/lib/armv7-m/libc_nano.a(lib_a-memset.o)
 .debug_frame   0x00001818       0x20 /home/burin/SimplicityStudio_v4/developer/toolchains/gnu_arm/4.9_2015q3/bin/../lib/gcc/arm-none-eabi/4.9.3/../../../../arm-none-eabi/lib/armv7-m/libnosys.a(_exit.o)
